###############################################################################
#                                                                             #
# IAR ELF Linker V1.31.1.50058 for STM8                 29/Jun/2015  18:50:53 #
# Copyright 2010-2012 IAR Systems AB.                                         #
#                                                                             #
#    Output file  =  D:\STM8\Koovox\Exe\Koovox.out                            #
#    Map file     =  D:\STM8\Koovox\List\Koovox.map                           #
#    Command line =  D:\STM8\Koovox\Obj\koovox_const_seat.o                   #
#                    D:\STM8\Koovox\Obj\koovox_hb_sensor.o                    #
#                    D:\STM8\Koovox\Obj\koovox_head_action.o                  #
#                    D:\STM8\Koovox\Obj\koovox_lis3dh_sensor.o                #
#                    D:\STM8\Koovox\Obj\koovox_message_handle.o               #
#                    D:\STM8\Koovox\Obj\koovox_neck_protect.o                 #
#                    D:\STM8\Koovox\Obj\koovox_step_count.o                   #
#                    D:\STM8\Koovox\Obj\koovox_uart.o                         #
#                    D:\STM8\Koovox\Obj\main.o D:\STM8\Koovox\Obj\stm8l15x_ad #
#                    c.o D:\STM8\Koovox\Obj\stm8l15x_clk.o                    #
#                    D:\STM8\Koovox\Obj\stm8l15x_flash.o                      #
#                    D:\STM8\Koovox\Obj\stm8l15x_gpio.o                       #
#                    D:\STM8\Koovox\Obj\stm8l15x_i2c.o                        #
#                    D:\STM8\Koovox\Obj\stm8l15x_tim2.o                       #
#                    D:\STM8\Koovox\Obj\stm8l15x_tim3.o                       #
#                    D:\STM8\Koovox\Obj\stm8l15x_tim4.o                       #
#                    D:\STM8\Koovox\Obj\stm8l15x_usart.o --redirect           #
#                    _Printf=_PrintfSmall --redirect _Scanf=_ScanfSmall -o    #
#                    D:\STM8\Koovox\Exe\Koovox.out --map                      #
#                    D:\STM8\Koovox\List\Koovox.map --config "C:\Program      #
#                    Files (x86)\IAR Systems\Embedded Workbench 6.0           #
#                    Evaluation\stm8\config\lnkstm8l151f3.icf" --config_def   #
#                    _CSTACK_SIZE=0x100 --config_def _HEAP_SIZE=0x100         #
#                    --entry __iar_program_start --debug_lib                  #
#                                                                             #
#                                                                             #
###############################################################################

*******************************************************************************
*** RUNTIME MODEL ATTRIBUTES
***

__SystemLibrary            = DLib
__code_model               = small
__core                     = stm8
__data_model               = medium
__dlib_file_descriptor     = 0
__dlib_full_locale_support = 0
__rt_version               = 4


*******************************************************************************
*** PLACEMENT SUMMARY
***

"A1":  place at start of [0x000000-0x0000ff] { rw section .vregs };
"A2":  place at end of [0x000000-0x0003ff] { block CSTACK };
"P2":  place in [from 0x000000 to 0x0003ff] {
          block HEAP, rw section .far.bss, rw section .far.data,
          rw section .far.noinit, rw section .far_func.textrw,
          rw section .huge.bss, rw section .huge.data, rw section .huge.noinit,
          rw section .huge_func.textrw, rw section .iar.dynexit,
          rw section .near.bss, rw section .near.data, rw section .near.noinit,
          rw section .near_func.textrw };
"A3":  place at start of [0x008000-0x009fff] { block INTVEC };
"P3":  place in [from 0x008000 to 0x009fff] {
          ro section .far.data_init, ro section .far_func.textrw_init,
          ro section .huge.data_init, ro section .huge_func.textrw_init,
          ro section .iar.init_table, ro section .init_array,
          ro section .near.data_init, ro section .near.rodata,
          ro section .near_func.text, ro section .near_func.textrw_init,
          ro section .tiny.data_init, ro section .tiny.rodata_init };

  Section            Kind      Address    Size  Object
  -------            ----      -------    ----  ------
"A1":                                     0x10
  .vregs             uninit   0x000000    0x10  vregs.o [4]
                            - 0x000010    0x10

"P2", part 1 of 2:                         0x4
  P2 s0                       0x000010     0x4  <Init block>
    .near.data       inited   0x000010     0x2  koovox_const_seat.o [1]
    .near.data       inited   0x000012     0x2  koovox_neck_protect.o [1]
                            - 0x000014     0x4

"P2", part 2 of 2:                        0x59
  .near.bss          zero     0x000014    0x28  koovox_hb_sensor.o [1]
  .near.bss          zero     0x00003c     0xc  koovox_uart.o [1]
  .near.bss          zero     0x000048     0x4  koovox_const_seat.o [1]
  .near.bss          zero     0x00004c     0x4  koovox_lis3dh_sensor.o [1]
  .near.bss          zero     0x000050     0x4  koovox_lis3dh_sensor.o [1]
  .near.bss          zero     0x000054     0x4  koovox_neck_protect.o [1]
  .near.bss          zero     0x000058     0x4  koovox_neck_protect.o [1]
  .near.bss          zero     0x00005c     0x4  koovox_step_count.o [1]
  .near.bss          zero     0x000060     0x2  koovox_hb_sensor.o [1]
  .near.bss          zero     0x000062     0x2  koovox_step_count.o [1]
  .near.bss          zero     0x000064     0x1  koovox_const_seat.o [1]
  .near.bss          zero     0x000065     0x1  koovox_hb_sensor.o [1]
  .near.bss          zero     0x000066     0x1  koovox_hb_sensor.o [1]
  .near.bss          zero     0x000067     0x1  koovox_head_action.o [1]
  .near.bss          zero     0x000068     0x1  koovox_neck_protect.o [1]
  .near.bss          zero     0x000069     0x1  koovox_neck_protect.o [1]
  .near.bss          zero     0x00006a     0x1  koovox_step_count.o [1]
  .near.bss          zero     0x00006b     0x1  koovox_uart.o [1]
  .near.bss          zero     0x00006c     0x1  koovox_uart.o [1]
                            - 0x00006d    0x59

"A2":                                    0x100
  CSTACK                      0x000300   0x100  <Block>
    CSTACK           uninit   0x000300   0x100  <Block tail>
                            - 0x000400   0x100

"A3":                                     0x80
  INTVEC                      0x008000    0x80  <Block>
    .intvec          const    0x008000    0x80  interrupt.o [4]
                            - 0x008080    0x80

"P3":                                   0x189d
  .near_func.text    ro code  0x008080   0x19b  koovox_lis3dh_sensor.o [1]
  .near_func.text    ro code  0x00821b   0x173  long.o [4]
  .near_func.text    ro code  0x00838e   0x16f  koovox_message_handle.o [1]
  .near_func.text    ro code  0x0084fd   0x152  vreg_util.o [4]
  .near_func.text    ro code  0x00864f   0x115  stm8l15x_i2c.o [1]
  .near_func.text    ro code  0x008764    0xff  koovox_neck_protect.o [1]
  .near_func.text    ro code  0x008863    0xeb  koovox_lis3dh_sensor.o [1]
  .near_func.text    ro code  0x00894e    0xe9  koovox_lis3dh_sensor.o [1]
  .near_func.text    ro code  0x008a37    0xc9  koovox_const_seat.o [1]
  .near_func.text    ro code  0x008b00    0xc3  koovox_message_handle.o [1]
  .near_func.text    ro code  0x008bc3    0x8c  koovox_step_count.o [1]
  .near_func.text    ro code  0x008c4f    0x89  stm8l15x_usart.o [1]
  .near_func.text    ro code  0x008cd8    0x7c  koovox_lis3dh_sensor.o [1]
  .near_func.text    ro code  0x008d54    0x6f  koovox_hb_sensor.o [1]
  .near_func.text    ro code  0x008dc3    0x6e  main.o [1]
  .near_func.text    ro code  0x008e31    0x6b  stm8l15x_gpio.o [1]
  .near_func.text    ro code  0x008e9c    0x69  koovox_hb_sensor.o [1]
  .near_func.text    ro code  0x008f05    0x64  koovox_uart.o [1]
  .near_func.text    ro code  0x008f69    0x5e  koovox_hb_sensor.o [1]
  .near_func.text    ro code  0x008fc7    0x5d  short.o [4]
  .near_func.text    ro code  0x009024    0x5c  stm8l15x_clk.o [1]
  .near_func.text    ro code  0x009080    0x5a  stm8l15x_usart.o [1]
  .near_func.text    ro code  0x0090da    0x55  koovox_uart.o [1]
  .near_func.text    ro code  0x00912f    0x54  stm8l15x_i2c.o [1]
  .near_func.text    ro code  0x009183    0x51  koovox_const_seat.o [1]
  .near_func.text    ro code  0x0091d4    0x51  koovox_neck_protect.o [1]
  .near_func.text    ro code  0x009225    0x4e  long_util.o [4]
  .near_func.text    ro code  0x009273    0x4d  koovox_lis3dh_sensor.o [1]
  .near_func.text    ro code  0x0092c0    0x4b  koovox_head_action.o [1]
  .near_func.text    ro code  0x00930b    0x49  koovox_step_count.o [1]
  .near_func.text    ro code  0x009354    0x40  stm8l15x_i2c.o [1]
  .near_func.text    ro code  0x009394    0x3f  koovox_lis3dh_sensor.o [1]
  .near_func.text    ro code  0x0093d3    0x3a  stm8l15x_clk.o [1]
  .near_func.text    ro code  0x00940d    0x38  koovox_uart.o [1]
  .near_func.text    ro code  0x009445    0x35  koovox_lis3dh_sensor.o [1]
  .near_func.text    ro code  0x00947a    0x34  stm8l15x_i2c.o [1]
  .near_func.text    ro code  0x0094ae    0x32  koovox_hb_sensor.o [1]
  .near.rodata       const    0x0094e0    0x2d  koovox_message_handle.o [1]
  .near_func.text    ro code  0x00950d    0x29  koovox_lis3dh_sensor.o [1]
  .near.rodata       const    0x009536    0x28  koovox_hb_sensor.o [1]
  .near_func.text    ro code  0x00955e    0x28  init_small.o [4]
  .near_func.text    ro code  0x009586    0x1e  init_small.o [4]
  .iar.init_table    const    0x0095a4    0x12  - Linker created -
  .near_func.text    ro code  0x0095b6    0x20  koovox_step_count.o [1]
  .near_func.text    ro code  0x0095d6    0x20  stm8l15x_flash.o [1]
  .near_func.text    ro code  0x0095f6    0x1f  stm8l15x_tim2.o [1]
  .near_func.text    ro code  0x009615    0x1f  dc_util.o [4]
  .near_func.text    ro code  0x009634    0x1d  stm8l15x_adc.o [1]
  .near_func.text    ro code  0x009651    0x1c  stm8l15x_flash.o [1]
  .near_func.text    ro code  0x00966d    0x1b  stm8l15x_flash.o [1]
  .near_func.text    ro code  0x009688    0x1a  stm8l15x_flash.o [1]
  .near_func.text    ro code  0x0096a2    0x19  koovox_uart.o [1]
  .near_func.text    ro code  0x0096bb    0x18  koovox_neck_protect.o [1]
  .near_func.text    ro code  0x0096d3    0x18  stm8l15x_usart.o [1]
  .near_func.text    ro code  0x0096eb    0x17  init.o [4]
  .near_func.text    ro code  0x009702    0x16  stm8l15x_adc.o [1]
  .near_func.text    ro code  0x009718    0x14  __dbg_xxexit.o [3]
  .near_func.text    ro code  0x00972c    0x13  cstartup.o [4]
  .near_func.text    ro code  0x00973f    0x11  stm8l15x_adc.o [1]
  .near_func.text    ro code  0x009750    0x11  stm8l15x_tim2.o [1]
  .near_func.text    ro code  0x009761    0x10  koovox_const_seat.o [1]
  .near_func.text    ro code  0x009771    0x10  koovox_head_action.o [1]
  .near_func.text    ro code  0x009781    0x10  koovox_head_action.o [1]
  .near_func.text    ro code  0x009791    0x10  koovox_neck_protect.o [1]
  .near_func.text    ro code  0x0097a1    0x10  koovox_step_count.o [1]
  .near_func.text    ro code  0x0097b1    0x10  stm8l15x_usart.o [1]
  .near_func.text    ro code  0x0097c1     0xf  stm8l15x_i2c.o [1]
  .near_func.text    ro code  0x0097d0     0xe  stm8l15x_i2c.o [1]
  .near_func.text    ro code  0x0097de     0xe  stm8l15x_i2c.o [1]
  .near_func.text    ro code  0x0097ec     0xe  stm8l15x_i2c.o [1]
  .near_func.text    ro code  0x0097fa     0xe  stm8l15x_tim2.o [1]
  .near_func.text    ro code  0x009808     0xd  stm8l15x_adc.o [1]
  .near_func.text    ro code  0x009815     0xd  stm8l15x_clk.o [1]
  .near_func.text    ro code  0x009822     0xd  stm8l15x_i2c.o [1]
  .near_func.text    ro code  0x00982f     0xd  stm8l15x_tim2.o [1]
  .near_func.text    ro code  0x00983c     0xd  stm8l15x_tim2.o [1]
  .near_func.text    ro code  0x009849     0xd  stm8l15x_tim3.o [1]
  .near_func.text    ro code  0x009856     0xd  move.o [4]
  .near_func.text    ro code  0x009863     0xc  koovox_const_seat.o [1]
  .near_func.text    ro code  0x00986f     0xc  stm8l15x_adc.o [1]
  .near_func.text    ro code  0x00987b     0xb  stm8l15x_adc.o [1]
  .near_func.text    ro code  0x009886     0xa  stm8l15x_usart.o [1]
  .near_func.text    ro code  0x009890     0x9  stm8l15x_i2c.o [1]
  .near_func.text    ro code  0x009899     0x8  stm8l15x_usart.o [1]
  .near_func.text    ro code  0x0098a1     0x7  stm8l15x_usart.o [1]
  .near.rodata       const    0x0098a8     0x6  koovox_const_seat.o [1]
  .near.rodata       const    0x0098ae     0x6  koovox_head_action.o [1]
  .near.rodata       const    0x0098b4     0x6  koovox_lis3dh_sensor.o [1]
  .near.rodata       const    0x0098ba     0x6  koovox_neck_protect.o [1]
  .near.rodata       const    0x0098c0     0x6  koovox_step_count.o [1]
  .near_func.text    ro code  0x0098c6     0x6  stm8l15x_adc.o [1]
  .near_func.text    ro code  0x0098cc     0x6  stm8l15x_i2c.o [1]
  .near.rodata       const    0x0098d2     0x5  stm8l15x_clk.o [1]
  .near_func.text    ro code  0x0098d7     0x5  stm8l15x_adc.o [1]
  .near_func.text    ro code  0x0098dc     0x5  stm8l15x_i2c.o [1]
  .near_func.text    ro code  0x0098e1     0x5  stm8l15x_i2c.o [1]
  .near_func.text    ro code  0x0098e6     0x5  stm8l15x_i2c.o [1]
  .near_func.text    ro code  0x0098eb     0x5  stm8l15x_usart.o [1]
  .near_func.text    ro code  0x0098f0     0x5  cexit.o [4]
  .near_func.text    ro code  0x0098f5     0x4  stm8l15x_clk.o [1]
  .near_func.text    ro code  0x0098f9     0x4  stm8l15x_clk.o [1]
  .near_func.text    ro code  0x0098fd     0x4  stm8l15x_gpio.o [1]
  .near_func.text    ro code  0x009901     0x3  stm8l15x_gpio.o [1]
  .near_func.text    ro code  0x009904     0x3  stm8l15x_usart.o [1]
  .near_func.text    ro code  0x009907     0x3  stm8l15x_usart.o [1]
  .near_func.text    ro code  0x00990a     0x3  interrupt.o [4]
  .near_func.text    ro code  0x00990d     0x3  low_level_init.o [4]
  .near_func.text    ro code  0x009910     0x3  exit.o [4]
  .near_func.text    ro code  0x009913     0x3  unhandled_exception.o [4]
  .near.rodata       const    0x009916     0x2  koovox_message_handle.o [1]
  .near_func.text    ro code  0x009918     0x1  __dbg_break.o [3]
  Initializer bytes  ro data  0x009919     0x4  <for P2 s0>
                            - 0x00991d  0x189d


*******************************************************************************
*** INIT TABLE
***

          Address   Size
          -------   ----
Zero (__iar_zero_init2)
    1 destination range, total size 0x59:
          0x000014  0x59

Copy (__iar_copy_init2)
    1 source range, total size 0x4:
          0x009919   0x4
    1 destination range, total size 0x4:
          0x000010   0x4


*******************************************************************************
*** MODULE SUMMARY
***

    Module                   ro code  ro data  rw data
    ------                   -------  -------  -------
D:\STM8\Koovox\Obj: [1]
    koovox_const_seat.o          310        8        7
    koovox_hb_sensor.o           360       40       44
    koovox_head_action.o         107        6        1
    koovox_lis3dh_sensor.o     1 237        6        8
    koovox_message_handle.o      562       47
    koovox_neck_protect.o        376        8       12
    koovox_step_count.o          261        6        7
    koovox_uart.o                266                14
    main.o                       110
    stm8l15x_adc.o               115
    stm8l15x_clk.o               171        5
    stm8l15x_flash.o             113
    stm8l15x_gpio.o              114
    stm8l15x_i2c.o               577
    stm8l15x_tim2.o               88
    stm8l15x_tim3.o               13
    stm8l15x_usart.o             303
    --------------------------------------------------
    Total:                     5 083      126       93

command line: [2]
    --------------------------------------------------
    Total:

dbgstm8smd.a: [3]
    __dbg_break.o                  1
    __dbg_xxexit.o                20
    --------------------------------------------------
    Total:                        21

dlstm8smn.a: [4]
    cexit.o                        5
    cstartup.o                    19
    dc_util.o                     31
    exit.o                         3
    init.o                        23
    init_small.o                  70
    interrupt.o                    3      128
    long.o                       371
    long_util.o                   78
    low_level_init.o               3
    move.o                        13
    short.o                       93
    unhandled_exception.o          3
    vreg_util.o                  338
    vregs.o                                         16
    --------------------------------------------------
    Total:                     1 053      128       16

    Linker created                         18      256
------------------------------------------------------
    Grand Total:               6 157      272      365


*******************************************************************************
*** ENTRY LIST
***

Entry                    Address   Size  Type      Object
-----                    -------   ----  ----      ------
?b0                     0x000000         Data  Gb  vregs.o [4]
?b1                     0x000001         Data  Gb  vregs.o [4]
?b10                    0x00000a         Data  Gb  vregs.o [4]
?b11                    0x00000b         Data  Gb  vregs.o [4]
?b12                    0x00000c         Data  Gb  vregs.o [4]
?b13                    0x00000d         Data  Gb  vregs.o [4]
?b14                    0x00000e         Data  Gb  vregs.o [4]
?b15                    0x00000f         Data  Gb  vregs.o [4]
?b2                     0x000002         Data  Gb  vregs.o [4]
?b3                     0x000003         Data  Gb  vregs.o [4]
?b4                     0x000004         Data  Gb  vregs.o [4]
?b5                     0x000005         Data  Gb  vregs.o [4]
?b6                     0x000006         Data  Gb  vregs.o [4]
?b7                     0x000007         Data  Gb  vregs.o [4]
?b8                     0x000008         Data  Gb  vregs.o [4]
?b9                     0x000009         Data  Gb  vregs.o [4]
?dc32_l1                0x00961c         Code  Gb  dc_util.o [4]
?dc32_px                0x009629         Code  Gb  dc_util.o [4]
?dc8_px                 0x009615         Code  Gb  dc_util.o [4]
?dec32_0x_0x            0x008233         Code  Gb  long.o [4]
?dec32_l2_l2            0x00822e         Code  Gb  long.o [4]
?e0                     0x000001         Data  Gb  vregs.o [4]
?e1                     0x000005         Data  Gb  vregs.o [4]
?e2                     0x000009         Data  Gb  vregs.o [4]
?e3                     0x00000d         Data  Gb  vregs.o [4]
?epilogue_l2            0x008598         Code  Gb  vreg_util.o [4]
?epilogue_l2_l3         0x008595         Code  Gb  vreg_util.o [4]
?epilogue_l2_w6         0x00859c         Code  Gb  vreg_util.o [4]
?epilogue_w4            0x0085a3         Code  Gb  vreg_util.o [4]
?inc32_0x_0x            0x008220         Code  Gb  long.o [4]
?inc32_l0_l0            0x00821b         Code  Gb  long.o [4]
?l0                     0x000000         Data  Gb  vregs.o [4]
?l1                     0x000004         Data  Gb  vregs.o [4]
?l2                     0x000008         Data  Gb  vregs.o [4]
?l3                     0x00000c         Data  Gb  vregs.o [4]
?load32_0x_l0           0x009249         Code  Gb  long_util.o [4]
?load32_0x_l1           0x009257         Code  Gb  long_util.o [4]
?load32_0x_l2           0x009265         Code  Gb  long_util.o [4]
?load32_l0_0x           0x009225         Code  Gb  long_util.o [4]
?load32_l1_0x           0x009231         Code  Gb  long_util.o [4]
?load32_l2_0x           0x00923d         Code  Gb  long_util.o [4]
?mov_e0_e1              0x0085f7         Code  Gb  vreg_util.o [4]
?mov_e0_e2              0x008604         Code  Gb  vreg_util.o [4]
?mov_e0_e3              0x008611         Code  Gb  vreg_util.o [4]
?mov_e1_e0              0x00861e         Code  Gb  vreg_util.o [4]
?mov_e1_e3              0x00862b         Code  Gb  vreg_util.o [4]
?mov_e2_e0              0x008638         Code  Gb  vreg_util.o [4]
?mov_e3_e0              0x008645         Code  Gb  vreg_util.o [4]
?mov_l0_l1              0x0085f4         Code  Gb  vreg_util.o [4]
?mov_l0_l2              0x008601         Code  Gb  vreg_util.o [4]
?mov_l0_l3              0x00860e         Code  Gb  vreg_util.o [4]
?mov_l1_l0              0x00861b         Code  Gb  vreg_util.o [4]
?mov_l1_l3              0x008628         Code  Gb  vreg_util.o [4]
?mov_l2_l0              0x008635         Code  Gb  vreg_util.o [4]
?mov_l3_l0              0x008642         Code  Gb  vreg_util.o [4]
?mov_w0_w1              0x0085a7         Code  Gb  vreg_util.o [4]
?mov_w0_w2              0x0085ae         Code  Gb  vreg_util.o [4]
?mov_w0_w3              0x0085b5         Code  Gb  vreg_util.o [4]
?mov_w0_w4              0x0085bc         Code  Gb  vreg_util.o [4]
?mov_w1_w0              0x0085c3         Code  Gb  vreg_util.o [4]
?mov_w1_w3              0x0085fa         Code  Gb  vreg_util.o [4]
?mov_w1_w5              0x008607         Code  Gb  vreg_util.o [4]
?mov_w1_w6              0x0085ca         Code  Gb  vreg_util.o [4]
?mov_w1_w7              0x008614         Code  Gb  vreg_util.o [4]
?mov_w2_w5              0x0085d1         Code  Gb  vreg_util.o [4]
?mov_w3_w1              0x008621         Code  Gb  vreg_util.o [4]
?mov_w3_w4              0x0085d8         Code  Gb  vreg_util.o [4]
?mov_w3_w7              0x00862e         Code  Gb  vreg_util.o [4]
?mov_w5_w1              0x00863b         Code  Gb  vreg_util.o [4]
?mov_w6_w0              0x0085df         Code  Gb  vreg_util.o [4]
?mov_w6_w1              0x0085e6         Code  Gb  vreg_util.o [4]
?mov_w7_w0              0x0085ed         Code  Gb  vreg_util.o [4]
?mov_w7_w1              0x008648         Code  Gb  vreg_util.o [4]
?move1616_v_x_y_a       0x009856         Code  Gb  move.o [4]
?mul16_x_x_w0           0x008fc7         Code  Gb  short.o [4]
?mul32_l0_l0_0x         0x008262         Code  Gb  long.o [4]
?mul32_l0_l0_dl         0x00825f         Code  Gb  long.o [4]
?mul32_l0_l0_l1         0x00826b         Code  Gb  long.o [4]
?pop_l0                 0x008561         Code  Gb  vreg_util.o [4]
?pop_l1                 0x00856c         Code  Gb  vreg_util.o [4]
?pop_l2                 0x008577         Code  Gb  vreg_util.o [4]
?pop_l3                 0x008582         Code  Gb  vreg_util.o [4]
?pop_w4                 0x00851a         Code  Gb  vreg_util.o [4]
?pop_w6                 0x008521         Code  Gb  vreg_util.o [4]
?push_l0                0x008530         Code  Gb  vreg_util.o [4]
?push_l1                0x008535         Code  Gb  vreg_util.o [4]
?push_l2                0x00853a         Code  Gb  vreg_util.o [4]
?push_l3                0x00853f         Code  Gb  vreg_util.o [4]
?push_w4                0x0084fd         Code  Gb  vreg_util.o [4]
?push_w6                0x008502         Code  Gb  vreg_util.o [4]
?sdiv16_x_x_y           0x008fe5         Code  Gb  short.o [4]
?sll16_x_x_a            0x00900e         Code  Gb  short.o [4]
?sll32_0x_0x_a          0x00836b         Code  Gb  long.o [4]
?sll32_l0_l0_a          0x008368         Code  Gb  long.o [4]
?sll32_l0_l0_db         0x008364         Code  Gb  long.o [4]
?smod16_y_x_y           0x008ffe         Code  Gb  short.o [4]
?sra16_x_x_4            0x00901f         Code  Gb  short.o [4]
?sra16_x_x_5            0x00901e         Code  Gb  short.o [4]
?sra16_x_x_6            0x00901d         Code  Gb  short.o [4]
?sra16_x_x_7            0x00901c         Code  Gb  short.o [4]
?sra16_x_x_8            0x00901b         Code  Gb  short.o [4]
?srl16_x_x_4            0x009016         Code  Gb  short.o [4]
?srl32_0x_0x_a          0x008380         Code  Gb  long.o [4]
?srl32_l0_l0_a          0x00837d         Code  Gb  long.o [4]
?srl32_l0_l0_db         0x008379         Code  Gb  long.o [4]
?sub32_l0_l0_0x         0x008247         Code  Gb  long.o [4]
?ucmp32_c_l0_l1         0x008359         Code  Gb  long.o [4]
?udiv32_l0_l0_dl        0x0082e9         Code  Gb  long.o [4]
?udiv32_l0_l0_l1        0x0082ec         Code  Gb  long.o [4]
?umod32_l1_l0_l1        0x0082ec         Code  Gb  long.o [4]
?w0                     0x000000         Data  Gb  vregs.o [4]
?w1                     0x000002         Data  Gb  vregs.o [4]
?w2                     0x000004         Data  Gb  vregs.o [4]
?w3                     0x000006         Data  Gb  vregs.o [4]
?w4                     0x000008         Data  Gb  vregs.o [4]
?w5                     0x00000a         Data  Gb  vregs.o [4]
?w6                     0x00000c         Data  Gb  vregs.o [4]
?w7                     0x00000e         Data  Gb  vregs.o [4]
ADC_ChannelCmd          0x00973f   0x11  Code  Gb  stm8l15x_adc.o [1]
ADC_ClearFlag           0x0098c6    0x6  Code  Gb  stm8l15x_adc.o [1]
ADC_Cmd                 0x009808    0xd  Code  Gb  stm8l15x_adc.o [1]
ADC_GetConversionValue  0x009634   0x1d  Code  Gb  stm8l15x_adc.o [1]
ADC_GetFlagStatus       0x00987b    0xb  Code  Gb  stm8l15x_adc.o [1]
ADC_Init                0x009702   0x16  Code  Gb  stm8l15x_adc.o [1]
ADC_SoftwareStartConv   0x0098d7    0x5  Code  Gb  stm8l15x_adc.o [1]
CLK_GetClockFreq        0x0093d3   0x3a  Code  Gb  stm8l15x_clk.o [1]
CLK_HSICmd              0x009815    0xd  Code  Gb  stm8l15x_clk.o [1]
CLK_PeripheralClockConfig
                        0x009024   0x5c  Code  Gb  stm8l15x_clk.o [1]
CLK_SYSCLKDivConfig     0x0098f9    0x4  Code  Gb  stm8l15x_clk.o [1]
CLK_SYSCLKSourceConfig  0x0098f5    0x4  Code  Gb  stm8l15x_clk.o [1]
CSTACK$$Base            0x000300          --   Gb  - Linker created -
CSTACK$$Limit           0x000400          --   Gb  - Linker created -
FLASH_Unlock            0x009688   0x1a  Code  Gb  stm8l15x_flash.o [1]
GPIO_Init               0x008e31   0x6b  Code  Gb  stm8l15x_gpio.o [1]
GPIO_ResetBits          0x0098fd    0x4  Code  Gb  stm8l15x_gpio.o [1]
GPIO_SetBits            0x009901    0x3  Code  Gb  stm8l15x_gpio.o [1]
I2C_AcknowledgeConfig   0x0097ec    0xe  Code  Gb  stm8l15x_i2c.o [1]
I2C_CheckEvent          0x00912f   0x54  Code  Gb  stm8l15x_i2c.o [1]
I2C_Cmd                 0x009822    0xd  Code  Gb  stm8l15x_i2c.o [1]
I2C_DeInit              0x009354   0x40  Code  Gb  stm8l15x_i2c.o [1]
I2C_GenerateSTART       0x0097d0    0xe  Code  Gb  stm8l15x_i2c.o [1]
I2C_GenerateSTOP        0x0097de    0xe  Code  Gb  stm8l15x_i2c.o [1]
I2C_GetFlagStatus       0x00947a   0x34  Code  Gb  stm8l15x_i2c.o [1]
I2C_Init                0x00864f  0x115  Code  Gb  stm8l15x_i2c.o [1]
I2C_ReceiveData         0x0098e6    0x5  Code  Gb  stm8l15x_i2c.o [1]
I2C_Send7bitAddress     0x0097c1    0xf  Code  Gb  stm8l15x_i2c.o [1]
I2C_SendData            0x0098e1    0x5  Code  Gb  stm8l15x_i2c.o [1]
INTVEC$$Base            0x008000          --   Gb  - Linker created -
INTVEC$$Limit           0x008080          --   Gb  - Linker created -
Init_usart1             0x00940d   0x38  Code  Gb  koovox_uart.o [1]
Koovox_ad_to_acc        0x009273   0x4d  Code  Lc  koovox_lis3dh_sensor.o [1]
Koovox_calc_accelerate  0x00894e   0xe9  Code  Gb  koovox_lis3dh_sensor.o [1]
Koovox_const_seat       0x008a37   0xc9  Code  Gb  koovox_const_seat.o [1]
Koovox_const_seat_event
                        0x009863    0xc  Code  Gb  koovox_const_seat.o [1]
Koovox_convert_acc_value
                        0x008cd8   0x7c  Code  Lc  koovox_lis3dh_sensor.o [1]
Koovox_disable_const_seat
                        0x009761   0x10  Code  Gb  koovox_const_seat.o [1]
Koovox_disable_head_action
                        0x009781   0x10  Code  Gb  koovox_head_action.o [1]
Koovox_disable_heart_rate
                        0x0094ae   0x32  Code  Gb  koovox_hb_sensor.o [1]
Koovox_disable_neck_protect
                        0x009791   0x10  Code  Gb  koovox_neck_protect.o [1]
Koovox_disable_step_count
                        0x0097a1   0x10  Code  Gb  koovox_step_count.o [1]
Koovox_enable_const_seat
                        0x009183   0x51  Code  Gb  koovox_const_seat.o [1]
Koovox_enable_head_action
                        0x009771   0x10  Code  Gb  koovox_head_action.o [1]
Koovox_enable_heart_rate
                        0x008e9c   0x69  Code  Gb  koovox_hb_sensor.o [1]
Koovox_enable_neck_protect
                        0x0091d4   0x51  Code  Gb  koovox_neck_protect.o [1]
Koovox_enable_step_count
                        0x0095b6   0x20  Code  Gb  koovox_step_count.o [1]
Koovox_fill_and_send_packet
                        0x008b00   0xc3  Code  Gb  koovox_message_handle.o [1]
Koovox_head_action      0x0092c0   0x4b  Code  Gb  koovox_head_action.o [1]
Koovox_message_handle   0x00838e  0x16f  Code  Gb  koovox_message_handle.o [1]
Koovox_neck_protect     0x008764   0xff  Code  Gb  koovox_neck_protect.o [1]
Koovox_neck_protect_event
                        0x0096bb   0x18  Code  Gb  koovox_neck_protect.o [1]
Koovox_read_acc_value   0x009394   0x3f  Code  Gb  koovox_lis3dh_sensor.o [1]
Koovox_read_data_from_e2prom
                        0x009651   0x1c  Code  Gb  stm8l15x_flash.o [1]
Koovox_receive_message  0x0096a2   0x19  Code  Gb  koovox_uart.o [1]
Koovox_send_hb_adc_value
                        0x008f69   0x5e  Code  Gb  koovox_hb_sensor.o [1]
Koovox_send_message     0x008f05   0x64  Code  Gb  koovox_uart.o [1]
Koovox_step_count       0x008bc3   0x8c  Code  Gb  koovox_step_count.o [1]
Koovox_step_count_event
                        0x00930b   0x49  Code  Gb  koovox_step_count.o [1]
Koovox_store_data_to_e2prom
                        0x0095d6   0x20  Code  Gb  stm8l15x_flash.o [1]
LIS3DH_ReadAccData      0x008080  0x19b  Code  Gb  koovox_lis3dh_sensor.o [1]
LIS3DH_WriteReg         0x008863   0xeb  Code  Gb  koovox_lis3dh_sensor.o [1]
LIS3DH_status           0x009445   0x35  Code  Gb  koovox_lis3dh_sensor.o [1]
Region$$Table$$Base     0x0095a4          --   Gb  - Linker created -
Region$$Table$$Limit    0x0095b6          --   Gb  - Linker created -
SYSDivFactor            0x0098d2    0x5  Data  Gb  stm8l15x_clk.o [1]
TIM2_ClearFlag          0x00983c    0xd  Code  Gb  stm8l15x_tim2.o [1]
TIM2_Cmd                0x00982f    0xd  Code  Gb  stm8l15x_tim2.o [1]
TIM2_ITConfig           0x009750   0x11  Code  Gb  stm8l15x_tim2.o [1]
TIM2_TimeBaseInit       0x0095f6   0x1f  Code  Gb  stm8l15x_tim2.o [1]
TIM2_UPD_OVF_TRG_BRK_USART2_TX_IRQHandler
                        0x008d54   0x6f  Code  Gb  koovox_hb_sensor.o [1]
TIM3_ClearFlag          0x009849    0xd  Code  Gb  stm8l15x_tim3.o [1]
TIM3_UPD_OVF_TRG_BRK_USART3_TX_IRQHandler
                        0x00950d   0x29  Code  Gb  koovox_lis3dh_sensor.o [1]
USART1_RX_TIM5_CC_IRQHandler
                        0x0090da   0x55  Code  Gb  koovox_uart.o [1]
USART_ClearITPendingBit
                        0x009886    0xa  Code  Gb  stm8l15x_usart.o [1]
USART_Cmd               0x0097b1   0x10  Code  Gb  stm8l15x_usart.o [1]
USART_GetFlagStatus     0x0096d3   0x18  Code  Gb  stm8l15x_usart.o [1]
USART_ITConfig          0x009080   0x5a  Code  Gb  stm8l15x_usart.o [1]
USART_Init              0x008c4f   0x89  Code  Gb  stm8l15x_usart.o [1]
USART_ReceiveData8      0x009904    0x3  Code  Gb  stm8l15x_usart.o [1]
USART_SendData8         0x009907    0x3  Code  Gb  stm8l15x_usart.o [1]
__DebugBreak            0x009918    0x1  Code  Gb  __dbg_break.o [3]
__exit                  0x009718   0x14  Code  Gb  __dbg_xxexit.o [3]
__iar_copy_init2        0x00955e         Code  Gb  init_small.o [4]
__iar_data_init2        0x0096eb   0x17  Code  Gb  init.o [4]
__iar_program_start     0x00972c         Code  Gb  cstartup.o [4]
__iar_unhandled_exception
                        0x009913         Code  Gb  unhandled_exception.o [4]
__iar_zero_init2        0x009586         Code  Gb  init_small.o [4]
__intvec                0x008000         Data  Gb  interrupt.o [4]
__low_level_init        0x00990d    0x3  Code  Gb  low_level_init.o [4]
_exit                   0x0098f0         Code  Gb  cexit.o [4]
_interrupt_1            0x00990a         Code  Wk  interrupt.o [4]
_interrupt_10           0x00990a         Code  Wk  interrupt.o [4]
_interrupt_11           0x00990a         Code  Wk  interrupt.o [4]
_interrupt_12           0x00990a         Code  Wk  interrupt.o [4]
_interrupt_13           0x00990a         Code  Wk  interrupt.o [4]
_interrupt_14           0x00990a         Code  Wk  interrupt.o [4]
_interrupt_15           0x00990a         Code  Wk  interrupt.o [4]
_interrupt_16           0x00990a         Code  Wk  interrupt.o [4]
_interrupt_17           0x00990a         Code  Wk  interrupt.o [4]
_interrupt_18           0x00990a         Code  Wk  interrupt.o [4]
_interrupt_19           0x00990a         Code  Wk  interrupt.o [4]
_interrupt_2            0x00990a         Code  Wk  interrupt.o [4]
_interrupt_20           0x00990a         Code  Wk  interrupt.o [4]
_interrupt_21           0x008d54         Code  Gb  koovox_hb_sensor.o [1]
_interrupt_22           0x00990a         Code  Wk  interrupt.o [4]
_interrupt_23           0x00950d         Code  Gb  koovox_lis3dh_sensor.o [1]
_interrupt_24           0x00990a         Code  Wk  interrupt.o [4]
_interrupt_25           0x00990a         Code  Wk  interrupt.o [4]
_interrupt_26           0x00990a         Code  Wk  interrupt.o [4]
_interrupt_27           0x00990a         Code  Wk  interrupt.o [4]
_interrupt_28           0x00990a         Code  Wk  interrupt.o [4]
_interrupt_29           0x00990a         Code  Wk  interrupt.o [4]
_interrupt_3            0x00990a         Code  Wk  interrupt.o [4]
_interrupt_30           0x0090da         Code  Gb  koovox_uart.o [1]
_interrupt_31           0x00990a         Code  Wk  interrupt.o [4]
_interrupt_4            0x00990a         Code  Wk  interrupt.o [4]
_interrupt_5            0x00990a         Code  Wk  interrupt.o [4]
_interrupt_6            0x00990a         Code  Wk  interrupt.o [4]
_interrupt_7            0x00990a         Code  Wk  interrupt.o [4]
_interrupt_8            0x00990a         Code  Wk  interrupt.o [4]
_interrupt_9            0x00990a         Code  Wk  interrupt.o [4]
ad_hb                   0x000014   0x28  Data  Gb  koovox_hb_sensor.o [1]
const_seat_count        0x000048    0x4  Data  Gb  koovox_const_seat.o [1]
const_seat_enable       0x000064    0x1  Data  Gb  koovox_const_seat.o [1]
const_seat_time         0x000010    0x2  Data  Gb  koovox_const_seat.o [1]
curr_time               0x000050    0x4  Data  Gb  koovox_lis3dh_sensor.o [1]
exit                    0x009910    0x3  Code  Gb  exit.o [4]
frame_valid             0x00006c    0x1  Data  Gb  koovox_uart.o [1]
hb_adc_valid            0x000065    0x1  Data  Gb  koovox_hb_sensor.o [1]
head_action_enable      0x000067    0x1  Data  Gb  koovox_head_action.o [1]
heart_rate_enable       0x000066    0x1  Data  Gb  koovox_hb_sensor.o [1]
index                   0x000060    0x2  Data  Gb  koovox_hb_sensor.o [1]
index_acc               0x00004c    0x4  Data  Gb  koovox_lis3dh_sensor.o [1]
main                    0x008dc3   0x6e  Code  Gb  main.o [1]
neck_protect_count      0x000054    0x4  Data  Gb  koovox_neck_protect.o [1]
neck_protect_enable     0x000069    0x1  Data  Gb  koovox_neck_protect.o [1]
neck_protect_time       0x000012    0x2  Data  Gb  koovox_neck_protect.o [1]
neck_timer_enable       0x000068    0x1  Data  Gb  koovox_neck_protect.o [1]
neck_updata_count       0x000058    0x4  Data  Gb  koovox_neck_protect.o [1]
size                    0x00006b    0x1  Data  Gb  koovox_uart.o [1]
step_count              0x000062    0x2  Data  Gb  koovox_step_count.o [1]
step_count_enable       0x00006a    0x1  Data  Gb  koovox_step_count.o [1]
step_time_cnt           0x00005c    0x4  Data  Gb  koovox_step_count.o [1]
usart_msg               0x00003c    0xc  Data  Gb  koovox_uart.o [1]


[1] = D:\STM8\Koovox\Obj
[2] = command line
[3] = dbgstm8smd.a
[4] = dlstm8smn.a

  6 157 bytes of readonly  code memory
    272 bytes of readonly  data memory
    365 bytes of readwrite data memory

Errors: none
Warnings: none
