###############################################################################
#                                                                             #
# IAR ELF Linker V1.31.1.50058 for STM8                 25/Jun/2015  20:30:08 #
# Copyright 2010-2012 IAR Systems AB.                                         #
#                                                                             #
#    Output file  =  D:\STM8\Koovox\Exe\Koovox.out                            #
#    Map file     =  D:\STM8\Koovox\List\Koovox.map                           #
#    Command line =  D:\STM8\Koovox\Obj\koovox_const_seat.o                   #
#                    D:\STM8\Koovox\Obj\koovox_hb_sensor.o                    #
#                    D:\STM8\Koovox\Obj\koovox_head_action.o                  #
#                    D:\STM8\Koovox\Obj\koovox_lis3dh_sensor.o                #
#                    D:\STM8\Koovox\Obj\koovox_message_handle.o               #
#                    D:\STM8\Koovox\Obj\koovox_neck_protect.o                 #
#                    D:\STM8\Koovox\Obj\koovox_step_count.o                   #
#                    D:\STM8\Koovox\Obj\koovox_uart.o                         #
#                    D:\STM8\Koovox\Obj\main.o D:\STM8\Koovox\Obj\stm8l15x_ad #
#                    c.o D:\STM8\Koovox\Obj\stm8l15x_clk.o                    #
#                    D:\STM8\Koovox\Obj\stm8l15x_flash.o                      #
#                    D:\STM8\Koovox\Obj\stm8l15x_gpio.o                       #
#                    D:\STM8\Koovox\Obj\stm8l15x_i2c.o                        #
#                    D:\STM8\Koovox\Obj\stm8l15x_tim2.o                       #
#                    D:\STM8\Koovox\Obj\stm8l15x_tim3.o                       #
#                    D:\STM8\Koovox\Obj\stm8l15x_tim4.o                       #
#                    D:\STM8\Koovox\Obj\stm8l15x_usart.o --redirect           #
#                    _Printf=_PrintfSmall --redirect _Scanf=_ScanfSmall -o    #
#                    D:\STM8\Koovox\Exe\Koovox.out --map                      #
#                    D:\STM8\Koovox\List\Koovox.map --config "C:\Program      #
#                    Files (x86)\IAR Systems\Embedded Workbench 6.0           #
#                    Evaluation\stm8\config\lnkstm8l151f3.icf" --config_def   #
#                    _CSTACK_SIZE=0x100 --config_def _HEAP_SIZE=0x100         #
#                    --entry __iar_program_start --debug_lib                  #
#                                                                             #
#                                                                             #
###############################################################################

*******************************************************************************
*** RUNTIME MODEL ATTRIBUTES
***

__Heap_Handler             = Basic
__SystemLibrary            = DLib
__code_model               = small
__core                     = stm8
__data_model               = medium
__dlib_file_descriptor     = 0
__dlib_full_locale_support = 0
__rt_version               = 4


*******************************************************************************
*** PLACEMENT SUMMARY
***

"A1":  place at start of [0x000000-0x0000ff] { rw section .vregs };
"A2":  place at end of [0x000000-0x0003ff] { block CSTACK };
"P2":  place in [from 0x000000 to 0x0003ff] {
          block HEAP, rw section .far.bss, rw section .far.data,
          rw section .far.noinit, rw section .far_func.textrw,
          rw section .huge.bss, rw section .huge.data, rw section .huge.noinit,
          rw section .huge_func.textrw, rw section .iar.dynexit,
          rw section .near.bss, rw section .near.data, rw section .near.noinit,
          rw section .near_func.textrw };
"A3":  place at start of [0x008000-0x009fff] { block INTVEC };
"P3":  place in [from 0x008000 to 0x009fff] {
          ro section .far.data_init, ro section .far_func.textrw_init,
          ro section .huge.data_init, ro section .huge_func.textrw_init,
          ro section .iar.init_table, ro section .init_array,
          ro section .near.data_init, ro section .near.rodata,
          ro section .near_func.text, ro section .near_func.textrw_init,
          ro section .tiny.data_init, ro section .tiny.rodata_init };

  Section            Kind      Address    Size  Object
  -------            ----      -------    ----  ------
"A1":                                     0x10
  .vregs             uninit   0x000000    0x10  vregs.o [4]
                            - 0x000010    0x10

"P2", part 1 of 3:                         0x4
  P2 s0                       0x000010     0x4  <Init block>
    .near.data       inited   0x000010     0x2  koovox_const_seat.o [1]
    .near.data       inited   0x000012     0x2  koovox_neck_protect.o [1]
                            - 0x000014     0x4

"P2", part 2 of 3:                        0x39
  .near.bss          zero     0x000014     0xc  koovox_uart.o [1]
  .near.bss          zero     0x000020     0x4  koovox_const_seat.o [1]
  .near.bss          zero     0x000024     0x4  koovox_lis3dh_sensor.o [1]
  .near.bss          zero     0x000028     0x4  koovox_lis3dh_sensor.o [1]
  .near.bss          zero     0x00002c     0x4  koovox_neck_protect.o [1]
  .near.bss          zero     0x000030     0x4  koovox_neck_protect.o [1]
  .near.bss          zero     0x000034     0x4  koovox_step_count.o [1]
  .near.bss          zero     0x000038     0x4  xxmemxmalloc.o [4]
  .near.bss          zero     0x00003c     0x2  koovox_hb_sensor.o [1]
  .near.bss          zero     0x00003e     0x2  koovox_hb_sensor.o [1]
  .near.bss          zero     0x000040     0x2  koovox_step_count.o [1]
  .near.bss          zero     0x000042     0x2  xgetmemchunk.o [4]
  .near.bss          zero     0x000044     0x1  koovox_const_seat.o [1]
  .near.bss          zero     0x000045     0x1  koovox_hb_sensor.o [1]
  .near.bss          zero     0x000046     0x1  koovox_hb_sensor.o [1]
  .near.bss          zero     0x000047     0x1  koovox_head_action.o [1]
  .near.bss          zero     0x000048     0x1  koovox_neck_protect.o [1]
  .near.bss          zero     0x000049     0x1  koovox_neck_protect.o [1]
  .near.bss          zero     0x00004a     0x1  koovox_step_count.o [1]
  .near.bss          zero     0x00004b     0x1  koovox_uart.o [1]
  .near.bss          zero     0x00004c     0x1  koovox_uart.o [1]
                            - 0x00004d    0x39

"P2", part 3 of 3:                       0x100
  HEAP                        0x00004d   0x100  <Block>
    HEAP             uninit   0x00004d   0x100  <Block tail>
                            - 0x00014d   0x100

"A2":                                    0x100
  CSTACK                      0x000300   0x100  <Block>
    CSTACK           uninit   0x000300   0x100  <Block tail>
                            - 0x000400   0x100

"A3":                                     0x80
  INTVEC                      0x008000    0x80  <Block>
    .intvec          const    0x008000    0x80  interrupt.o [4]
                            - 0x008080    0x80

"P3":                                   0x1c50
  .near_func.text    ro code  0x008080   0x194  koovox_lis3dh_sensor.o [1]
  .near_func.text    ro code  0x008214   0x183  koovox_lis3dh_sensor.o [1]
  .near_func.text    ro code  0x008397   0x173  long.o [4]
  .near_func.text    ro code  0x00850a   0x16f  koovox_message_handle.o [1]
  .near_func.text    ro code  0x008679   0x12f  vreg_util.o [4]
  .near_func.text    ro code  0x0087a8   0x12e  koovox_neck_protect.o [1]
  .near_func.text    ro code  0x0088d6   0x115  stm8l15x_i2c.o [1]
  .near_func.text    ro code  0x0089eb    0xfb  koovox_lis3dh_sensor.o [1]
  .near_func.text    ro code  0x008ae6    0xee  koovox_lis3dh_sensor.o [1]
  .near_func.text    ro code  0x008bd4    0xe4  xxmemxfree.o [4]
  .near_func.text    ro code  0x008cb8    0xca  koovox_const_seat.o [1]
  .near_func.text    ro code  0x008d82    0x96  xxmemxmalloc.o [4]
  .near_func.text    ro code  0x008e18    0x89  stm8l15x_usart.o [1]
  .near_func.text    ro code  0x008ea1    0x7c  koovox_lis3dh_sensor.o [1]
  .near_func.text    ro code  0x008f1d    0x73  koovox_message_handle.o [1]
  .near_func.text    ro code  0x008f90    0x70  koovox_hb_sensor.o [1]
  .near_func.text    ro code  0x009000    0x6d  memmove.o [4]
  .near_func.text    ro code  0x00906d    0x6b  stm8l15x_gpio.o [1]
  .near_func.text    ro code  0x0090d8    0x64  koovox_uart.o [1]
  .near_func.text    ro code  0x00913c    0x64  short.o [4]
  .near_func.text    ro code  0x0091a0    0x5f  xxmemxmalloc.o [4]
  .near_func.text    ro code  0x0091ff    0x5c  stm8l15x_clk.o [1]
  .near_func.text    ro code  0x00925b    0x5a  stm8l15x_usart.o [1]
  .near_func.text    ro code  0x0092b5    0x55  koovox_uart.o [1]
  .near_func.text    ro code  0x00930a    0x54  stm8l15x_i2c.o [1]
  .near_func.text    ro code  0x00935e    0x53  koovox_hb_sensor.o [1]
  .near_func.text    ro code  0x0093b1    0x51  koovox_const_seat.o [1]
  .near_func.text    ro code  0x009402    0x51  koovox_neck_protect.o [1]
  .near_func.text    ro code  0x009453    0x4e  long_util.o [4]
  .near_func.text    ro code  0x0094a1    0x4d  koovox_lis3dh_sensor.o [1]
  .near_func.text    ro code  0x0094ee    0x49  koovox_step_count.o [1]
  .near_func.text    ro code  0x009537    0x46  koovox_lis3dh_sensor.o [1]
  .near_func.text    ro code  0x00957d    0x40  stm8l15x_i2c.o [1]
  .near_func.text    ro code  0x0095bd    0x3a  stm8l15x_clk.o [1]
  .near_func.text    ro code  0x0095f7    0x39  koovox_lis3dh_sensor.o [1]
  .near_func.text    ro code  0x009630    0x38  koovox_lis3dh_sensor.o [1]
  .near_func.text    ro code  0x009668    0x38  koovox_uart.o [1]
  .near_func.text    ro code  0x0096a0    0x34  stm8l15x_i2c.o [1]
  .near_func.text    ro code  0x0096d4    0x33  koovox_hb_sensor.o [1]
  .near_func.text    ro code  0x009707    0x33  koovox_head_action.o [1]
  .near_func.text    ro code  0x00973a    0x2c  koovox_lis3dh_sensor.o [1]
  .near_func.text    ro code  0x009766    0x2c  main.o [1]
  .near_func.text    ro code  0x009792    0x2b  koovox_lis3dh_sensor.o [1]
  .near_func.text    ro code  0x0097bd    0x29  koovox_lis3dh_sensor.o [1]
  .near_func.text    ro code  0x0097e6    0x28  koovox_hb_sensor.o [1]
  .near_func.text    ro code  0x00980e    0x28  init_small.o [4]
  .near_func.text    ro code  0x009836    0x25  memcpy.o [4]
  .near_func.text    ro code  0x00985b    0x23  koovox_lis3dh_sensor.o [1]
  .near_func.text    ro code  0x00987e    0x22  xgetmemchunk.o [4]
  .iar.init_table    const    0x0098a0    0x12  - Linker created -
  .near_func.text    ro code  0x0098b2    0x20  stm8l15x_flash.o [1]
  .near_func.text    ro code  0x0098d2    0x1f  stm8l15x_tim2.o [1]
  .near_func.text    ro code  0x0098f1    0x1f  dc_util.o [4]
  .near_func.text    ro code  0x009910    0x1e  init_small.o [4]
  .near_func.text    ro code  0x00992e    0x1d  koovox_hb_sensor.o [1]
  .near_func.text    ro code  0x00994b    0x1d  stm8l15x_adc.o [1]
  .near_func.text    ro code  0x009968    0x1c  stm8l15x_flash.o [1]
  .near_func.text    ro code  0x009984    0x1b  stm8l15x_flash.o [1]
  .near_func.text    ro code  0x00999f    0x1a  stm8l15x_flash.o [1]
  .near_func.text    ro code  0x0099b9    0x19  koovox_hb_sensor.o [1]
  .near_func.text    ro code  0x0099d2    0x19  koovox_uart.o [1]
  .near_func.text    ro code  0x0099eb    0x18  koovox_neck_protect.o [1]
  .near_func.text    ro code  0x009a03    0x18  stm8l15x_usart.o [1]
  .near_func.text    ro code  0x009a1b    0x17  init.o [4]
  .near_func.text    ro code  0x009a32    0x16  stm8l15x_adc.o [1]
  .near_func.text    ro code  0x009a48    0x14  __dbg_xxexit.o [3]
  .near_func.text    ro code  0x009a5c    0x13  koovox_lis3dh_sensor.o [1]
  .near_func.text    ro code  0x009a6f    0x13  koovox_step_count.o [1]
  .near_func.text    ro code  0x009a82    0x13  cstartup.o [4]
  .near_func.text    ro code  0x009a95    0x12  koovox_hb_sensor.o [1]
  .near_func.text    ro code  0x009aa7    0x11  stm8l15x_adc.o [1]
  .near_func.text    ro code  0x009ab8    0x11  stm8l15x_tim2.o [1]
  .near_func.text    ro code  0x009ac9    0x10  koovox_const_seat.o [1]
  .near_func.text    ro code  0x009ad9    0x10  koovox_head_action.o [1]
  .near_func.text    ro code  0x009ae9    0x10  koovox_head_action.o [1]
  .near_func.text    ro code  0x009af9    0x10  koovox_neck_protect.o [1]
  .near_func.text    ro code  0x009b09    0x10  koovox_step_count.o [1]
  .near_func.text    ro code  0x009b19    0x10  stm8l15x_usart.o [1]
  .near_func.text    ro code  0x009b29     0xf  koovox_hb_sensor.o [1]
  .near_func.text    ro code  0x009b38     0xf  stm8l15x_i2c.o [1]
  .near_func.text    ro code  0x009b47     0xf  stm8l15x_i2c.o [1]
  .near_func.text    ro code  0x009b56     0xe  stm8l15x_i2c.o [1]
  .near_func.text    ro code  0x009b64     0xe  stm8l15x_i2c.o [1]
  .near_func.text    ro code  0x009b72     0xe  stm8l15x_i2c.o [1]
  .near_func.text    ro code  0x009b80     0xe  stm8l15x_tim2.o [1]
  .near_func.text    ro code  0x009b8e     0xd  stm8l15x_adc.o [1]
  .near_func.text    ro code  0x009b9b     0xd  stm8l15x_clk.o [1]
  .near_func.text    ro code  0x009ba8     0xd  stm8l15x_i2c.o [1]
  .near_func.text    ro code  0x009bb5     0xd  stm8l15x_tim2.o [1]
  .near_func.text    ro code  0x009bc2     0xd  stm8l15x_tim2.o [1]
  .near_func.text    ro code  0x009bcf     0xd  stm8l15x_tim3.o [1]
  .near_func.text    ro code  0x009bdc     0xd  move.o [4]
  .near_func.text    ro code  0x009be9     0xc  koovox_const_seat.o [1]
  .near_func.text    ro code  0x009bf5     0xc  koovox_hb_sensor.o [1]
  .near_func.text    ro code  0x009c01     0xc  stm8l15x_adc.o [1]
  .near_func.text    ro code  0x009c0d     0xb  stm8l15x_adc.o [1]
  .near_func.text    ro code  0x009c18     0xa  stm8l15x_usart.o [1]
  .near_func.text    ro code  0x009c22     0x9  stm8l15x_i2c.o [1]
  .near_func.text    ro code  0x009c2b     0x8  koovox_hb_sensor.o [1]
  .near_func.text    ro code  0x009c33     0x8  koovox_hb_sensor.o [1]
  .near_func.text    ro code  0x009c3b     0x8  stm8l15x_i2c.o [1]
  .near_func.text    ro code  0x009c43     0x8  stm8l15x_usart.o [1]
  .near_func.text    ro code  0x009c4b     0x8  xxmemxmalloc.o [4]
  .near_func.text    ro code  0x009c53     0x7  stm8l15x_usart.o [1]
  .near_func.text    ro code  0x009c5a     0x7  xxmemxmalloc.o [4]
  .near.rodata       const    0x009c61     0x6  koovox_const_seat.o [1]
  .near.rodata       const    0x009c67     0x6  koovox_lis3dh_sensor.o [1]
  .near.rodata       const    0x009c6d     0x6  koovox_neck_protect.o [1]
  .near_func.text    ro code  0x009c73     0x6  stm8l15x_adc.o [1]
  .near_func.text    ro code  0x009c79     0x6  stm8l15x_i2c.o [1]
  .near.rodata       const    0x009c7f     0x5  stm8l15x_clk.o [1]
  .near_func.text    ro code  0x009c84     0x5  stm8l15x_adc.o [1]
  .near_func.text    ro code  0x009c89     0x5  stm8l15x_i2c.o [1]
  .near_func.text    ro code  0x009c8e     0x5  stm8l15x_i2c.o [1]
  .near_func.text    ro code  0x009c93     0x5  stm8l15x_i2c.o [1]
  .near_func.text    ro code  0x009c98     0x5  stm8l15x_usart.o [1]
  .near_func.text    ro code  0x009c9d     0x5  cexit.o [4]
  .near_func.text    ro code  0x009ca2     0x4  stm8l15x_clk.o [1]
  .near_func.text    ro code  0x009ca6     0x4  stm8l15x_clk.o [1]
  .near_func.text    ro code  0x009caa     0x4  stm8l15x_gpio.o [1]
  .near.rodata       const    0x009cae     0x3  koovox_head_action.o [1]
  .near.rodata       const    0x009cb1     0x3  koovox_lis3dh_sensor.o [1]
  .near_func.text    ro code  0x009cb4     0x3  stm8l15x_gpio.o [1]
  .near_func.text    ro code  0x009cb7     0x3  stm8l15x_usart.o [1]
  .near_func.text    ro code  0x009cba     0x3  stm8l15x_usart.o [1]
  .near_func.text    ro code  0x009cbd     0x3  interrupt.o [4]
  .near_func.text    ro code  0x009cc0     0x3  low_level_init.o [4]
  .near_func.text    ro code  0x009cc3     0x3  exit.o [4]
  .near_func.text    ro code  0x009cc6     0x3  unhandled_exception.o [4]
  .near.rodata       const    0x009cc9     0x2  koovox_message_handle.o [1]
  .near_func.text    ro code  0x009ccb     0x1  __dbg_break.o [3]
  Initializer bytes  ro data  0x009ccc     0x4  <for P2 s0>
                            - 0x009cd0  0x1c50


*******************************************************************************
*** INIT TABLE
***

          Address   Size
          -------   ----
Zero (__iar_zero_init2)
    1 destination range, total size 0x39:
          0x000014  0x39

Copy (__iar_copy_init2)
    1 source range, total size 0x4:
          0x009ccc   0x4
    1 destination range, total size 0x4:
          0x000010   0x4


*******************************************************************************
*** MODULE SUMMARY
***

    Module                   ro code  ro data  rw data
    ------                   -------  -------  -------
D:\STM8\Koovox\Obj: [1]
    koovox_const_seat.o          311        8        7
    koovox_hb_sensor.o           401                 6
    koovox_head_action.o          83        3        1
    koovox_lis3dh_sensor.o     1 846        9        8
    koovox_message_handle.o      482        2
    koovox_neck_protect.o        423        8       12
    koovox_step_count.o          108                 7
    koovox_uart.o                266                14
    main.o                        44
    stm8l15x_adc.o               115
    stm8l15x_clk.o               171        5
    stm8l15x_flash.o             113
    stm8l15x_gpio.o              114
    stm8l15x_i2c.o               600
    stm8l15x_tim2.o               88
    stm8l15x_tim3.o               13
    stm8l15x_usart.o             303
    --------------------------------------------------
    Total:                     5 481       35       55

command line: [2]
    --------------------------------------------------
    Total:

dbgstm8smd.a: [3]
    __dbg_break.o                  1
    __dbg_xxexit.o                20
    --------------------------------------------------
    Total:                        21

dlstm8smn.a: [4]
    cexit.o                        5
    cstartup.o                    19
    dc_util.o                     31
    exit.o                         3
    init.o                        23
    init_small.o                  70
    interrupt.o                    3      128
    long.o                       371
    long_util.o                   78
    low_level_init.o               3
    memcpy.o                      37
    memmove.o                    109
    move.o                        13
    short.o                      100
    unhandled_exception.o          3
    vreg_util.o                  303
    vregs.o                                         16
    xgetmemchunk.o                34                 2
    xxmemxfree.o                 228
    xxmemxmalloc.o               260                 4
    --------------------------------------------------
    Total:                     1 693      128       22

    Linker created                         18      512
------------------------------------------------------
    Grand Total:               7 195      181      589


*******************************************************************************
*** ENTRY LIST
***

Entry                    Address   Size  Type      Object
-----                    -------   ----  ----      ------
?b0                     0x000000         Data  Gb  vregs.o [4]
?b1                     0x000001         Data  Gb  vregs.o [4]
?b10                    0x00000a         Data  Gb  vregs.o [4]
?b11                    0x00000b         Data  Gb  vregs.o [4]
?b12                    0x00000c         Data  Gb  vregs.o [4]
?b13                    0x00000d         Data  Gb  vregs.o [4]
?b14                    0x00000e         Data  Gb  vregs.o [4]
?b15                    0x00000f         Data  Gb  vregs.o [4]
?b2                     0x000002         Data  Gb  vregs.o [4]
?b3                     0x000003         Data  Gb  vregs.o [4]
?b4                     0x000004         Data  Gb  vregs.o [4]
?b5                     0x000005         Data  Gb  vregs.o [4]
?b6                     0x000006         Data  Gb  vregs.o [4]
?b7                     0x000007         Data  Gb  vregs.o [4]
?b8                     0x000008         Data  Gb  vregs.o [4]
?b9                     0x000009         Data  Gb  vregs.o [4]
?dc32_l1                0x0098f8         Code  Gb  dc_util.o [4]
?dc32_px                0x009905         Code  Gb  dc_util.o [4]
?dc8_px                 0x0098f1         Code  Gb  dc_util.o [4]
?dec32_0x_0x            0x0083af         Code  Gb  long.o [4]
?dec32_l2_l2            0x0083aa         Code  Gb  long.o [4]
?e0                     0x000001         Data  Gb  vregs.o [4]
?e1                     0x000005         Data  Gb  vregs.o [4]
?e2                     0x000009         Data  Gb  vregs.o [4]
?e3                     0x00000d         Data  Gb  vregs.o [4]
?epilogue_l2            0x008714         Code  Gb  vreg_util.o [4]
?epilogue_l2_l3         0x008711         Code  Gb  vreg_util.o [4]
?epilogue_l2_w6         0x008718         Code  Gb  vreg_util.o [4]
?epilogue_w4            0x00871f         Code  Gb  vreg_util.o [4]
?inc32_0x_0x            0x00839c         Code  Gb  long.o [4]
?inc32_l0_l0            0x008397         Code  Gb  long.o [4]
?l0                     0x000000         Data  Gb  vregs.o [4]
?l1                     0x000004         Data  Gb  vregs.o [4]
?l2                     0x000008         Data  Gb  vregs.o [4]
?l3                     0x00000c         Data  Gb  vregs.o [4]
?load32_0x_l0           0x009477         Code  Gb  long_util.o [4]
?load32_0x_l1           0x009485         Code  Gb  long_util.o [4]
?load32_0x_l2           0x009493         Code  Gb  long_util.o [4]
?load32_l0_0x           0x009453         Code  Gb  long_util.o [4]
?load32_l1_0x           0x00945f         Code  Gb  long_util.o [4]
?load32_l2_0x           0x00946b         Code  Gb  long_util.o [4]
?mov_e0_e1              0x008750         Code  Gb  vreg_util.o [4]
?mov_e0_e2              0x00875d         Code  Gb  vreg_util.o [4]
?mov_e0_e3              0x00876a         Code  Gb  vreg_util.o [4]
?mov_e1_e0              0x008777         Code  Gb  vreg_util.o [4]
?mov_e1_e3              0x008784         Code  Gb  vreg_util.o [4]
?mov_e2_e0              0x008791         Code  Gb  vreg_util.o [4]
?mov_e3_e0              0x00879e         Code  Gb  vreg_util.o [4]
?mov_l0_l1              0x00874d         Code  Gb  vreg_util.o [4]
?mov_l0_l2              0x00875a         Code  Gb  vreg_util.o [4]
?mov_l0_l3              0x008767         Code  Gb  vreg_util.o [4]
?mov_l1_l0              0x008774         Code  Gb  vreg_util.o [4]
?mov_l1_l3              0x008781         Code  Gb  vreg_util.o [4]
?mov_l2_l0              0x00878e         Code  Gb  vreg_util.o [4]
?mov_l3_l0              0x00879b         Code  Gb  vreg_util.o [4]
?mov_w0_w4              0x008723         Code  Gb  vreg_util.o [4]
?mov_w1_w3              0x008753         Code  Gb  vreg_util.o [4]
?mov_w1_w5              0x008760         Code  Gb  vreg_util.o [4]
?mov_w1_w7              0x00876d         Code  Gb  vreg_util.o [4]
?mov_w2_w0              0x00872a         Code  Gb  vreg_util.o [4]
?mov_w2_w1              0x008731         Code  Gb  vreg_util.o [4]
?mov_w3_w1              0x00877a         Code  Gb  vreg_util.o [4]
?mov_w3_w2              0x008738         Code  Gb  vreg_util.o [4]
?mov_w3_w7              0x008787         Code  Gb  vreg_util.o [4]
?mov_w5_w1              0x008794         Code  Gb  vreg_util.o [4]
?mov_w6_w1              0x00873f         Code  Gb  vreg_util.o [4]
?mov_w7_w0              0x008746         Code  Gb  vreg_util.o [4]
?mov_w7_w1              0x0087a1         Code  Gb  vreg_util.o [4]
?move1616_v_x_y_a       0x009bdc         Code  Gb  move.o [4]
?mul16_x_x_w0           0x00913c         Code  Gb  short.o [4]
?mul32_l0_l0_0x         0x0083de         Code  Gb  long.o [4]
?mul32_l0_l0_dl         0x0083db         Code  Gb  long.o [4]
?mul32_l0_l0_l1         0x0083e7         Code  Gb  long.o [4]
?pop_l0                 0x0086dd         Code  Gb  vreg_util.o [4]
?pop_l1                 0x0086e8         Code  Gb  vreg_util.o [4]
?pop_l2                 0x0086f3         Code  Gb  vreg_util.o [4]
?pop_l3                 0x0086fe         Code  Gb  vreg_util.o [4]
?pop_w4                 0x008696         Code  Gb  vreg_util.o [4]
?pop_w6                 0x00869d         Code  Gb  vreg_util.o [4]
?push_l0                0x0086ac         Code  Gb  vreg_util.o [4]
?push_l1                0x0086b1         Code  Gb  vreg_util.o [4]
?push_l2                0x0086b6         Code  Gb  vreg_util.o [4]
?push_l3                0x0086bb         Code  Gb  vreg_util.o [4]
?push_w4                0x008679         Code  Gb  vreg_util.o [4]
?push_w6                0x00867e         Code  Gb  vreg_util.o [4]
?sdiv16_x_x_y           0x00915a         Code  Gb  short.o [4]
?sext16_x_a             0x009199         Code  Gb  short.o [4]
?sll16_x_x_a            0x009183         Code  Gb  short.o [4]
?sll32_0x_0x_a          0x0084e7         Code  Gb  long.o [4]
?sll32_l0_l0_a          0x0084e4         Code  Gb  long.o [4]
?sll32_l0_l0_db         0x0084e0         Code  Gb  long.o [4]
?smod16_y_x_y           0x009173         Code  Gb  short.o [4]
?sra16_x_x_4            0x009194         Code  Gb  short.o [4]
?sra16_x_x_5            0x009193         Code  Gb  short.o [4]
?sra16_x_x_6            0x009192         Code  Gb  short.o [4]
?sra16_x_x_7            0x009191         Code  Gb  short.o [4]
?sra16_x_x_8            0x009190         Code  Gb  short.o [4]
?srl16_x_x_4            0x00918b         Code  Gb  short.o [4]
?srl32_0x_0x_a          0x0084fc         Code  Gb  long.o [4]
?srl32_l0_l0_a          0x0084f9         Code  Gb  long.o [4]
?srl32_l0_l0_db         0x0084f5         Code  Gb  long.o [4]
?sub32_l0_l0_0x         0x0083c3         Code  Gb  long.o [4]
?ucmp32_c_l0_l1         0x0084d5         Code  Gb  long.o [4]
?udiv32_l0_l0_dl        0x008465         Code  Gb  long.o [4]
?udiv32_l0_l0_l1        0x008468         Code  Gb  long.o [4]
?umod32_l1_l0_l1        0x008468         Code  Gb  long.o [4]
?w0                     0x000000         Data  Gb  vregs.o [4]
?w1                     0x000002         Data  Gb  vregs.o [4]
?w2                     0x000004         Data  Gb  vregs.o [4]
?w3                     0x000006         Data  Gb  vregs.o [4]
?w4                     0x000008         Data  Gb  vregs.o [4]
?w5                     0x00000a         Data  Gb  vregs.o [4]
?w6                     0x00000c         Data  Gb  vregs.o [4]
?w7                     0x00000e         Data  Gb  vregs.o [4]
ADC_ChannelCmd          0x009aa7   0x11  Code  Gb  stm8l15x_adc.o [1]
ADC_ClearFlag           0x009c73    0x6  Code  Gb  stm8l15x_adc.o [1]
ADC_Cmd                 0x009b8e    0xd  Code  Gb  stm8l15x_adc.o [1]
ADC_GetConversionValue  0x00994b   0x1d  Code  Gb  stm8l15x_adc.o [1]
ADC_GetFlagStatus       0x009c0d    0xb  Code  Gb  stm8l15x_adc.o [1]
ADC_Init                0x009a32   0x16  Code  Gb  stm8l15x_adc.o [1]
ADC_SoftwareStartConv   0x009c84    0x5  Code  Gb  stm8l15x_adc.o [1]
CLK_GetClockFreq        0x0095bd   0x3a  Code  Gb  stm8l15x_clk.o [1]
CLK_HSICmd              0x009b9b    0xd  Code  Gb  stm8l15x_clk.o [1]
CLK_PeripheralClockConfig
                        0x0091ff   0x5c  Code  Gb  stm8l15x_clk.o [1]
CLK_SYSCLKDivConfig     0x009ca6    0x4  Code  Gb  stm8l15x_clk.o [1]
CLK_SYSCLKSourceConfig  0x009ca2    0x4  Code  Gb  stm8l15x_clk.o [1]
CSTACK$$Base            0x000300          --   Gb  - Linker created -
CSTACK$$Limit           0x000400          --   Gb  - Linker created -
FLASH_Unlock            0x00999f   0x1a  Code  Gb  stm8l15x_flash.o [1]
GPIO_Init               0x00906d   0x6b  Code  Gb  stm8l15x_gpio.o [1]
GPIO_ResetBits          0x009caa    0x4  Code  Gb  stm8l15x_gpio.o [1]
GPIO_SetBits            0x009cb4    0x3  Code  Gb  stm8l15x_gpio.o [1]
HEAP$$Base              0x00004d          --   Gb  - Linker created -
HEAP$$Limit             0x00014d          --   Gb  - Linker created -
I2C1_SPI2_IRQHandler    0x00985b   0x23  Code  Gb  koovox_lis3dh_sensor.o [1]
I2C_AcknowledgeConfig   0x009b72    0xe  Code  Gb  stm8l15x_i2c.o [1]
I2C_CheckEvent          0x00930a   0x54  Code  Gb  stm8l15x_i2c.o [1]
I2C_ClearITPendingBit   0x009c3b    0x8  Code  Gb  stm8l15x_i2c.o [1]
I2C_Cmd                 0x009ba8    0xd  Code  Gb  stm8l15x_i2c.o [1]
I2C_DeInit              0x00957d   0x40  Code  Gb  stm8l15x_i2c.o [1]
I2C_GenerateSTART       0x009b56    0xe  Code  Gb  stm8l15x_i2c.o [1]
I2C_GenerateSTOP        0x009b64    0xe  Code  Gb  stm8l15x_i2c.o [1]
I2C_GetFlagStatus       0x0096a0   0x34  Code  Gb  stm8l15x_i2c.o [1]
I2C_ITConfig            0x009b47    0xf  Code  Gb  stm8l15x_i2c.o [1]
I2C_Init                0x0088d6  0x115  Code  Gb  stm8l15x_i2c.o [1]
I2C_ReceiveData         0x009c93    0x5  Code  Gb  stm8l15x_i2c.o [1]
I2C_Send7bitAddress     0x009b38    0xf  Code  Gb  stm8l15x_i2c.o [1]
I2C_SendData            0x009c8e    0x5  Code  Gb  stm8l15x_i2c.o [1]
INTVEC$$Base            0x008000          --   Gb  - Linker created -
INTVEC$$Limit           0x008080          --   Gb  - Linker created -
Init_usart1             0x009668   0x38  Code  Gb  koovox_uart.o [1]
Koovox_ad_to_acc        0x0094a1   0x4d  Code  Lc  koovox_lis3dh_sensor.o [1]
Koovox_calc_accelerate  0x008ae6   0xee  Code  Gb  koovox_lis3dh_sensor.o [1]
Koovox_const_seat       0x008cb8   0xca  Code  Gb  koovox_const_seat.o [1]
Koovox_const_seat_event
                        0x009be9    0xc  Code  Gb  koovox_const_seat.o [1]
Koovox_convert_acc_value
                        0x008ea1   0x7c  Code  Lc  koovox_lis3dh_sensor.o [1]
Koovox_disable_adc      0x009a95   0x12  Code  Lc  koovox_hb_sensor.o [1]
Koovox_disable_const_seat
                        0x009ac9   0x10  Code  Gb  koovox_const_seat.o [1]
Koovox_disable_hb_sample_timer
                        0x009b29    0xf  Code  Lc  koovox_hb_sensor.o [1]
Koovox_disable_hb_sensor
                        0x009c33    0x8  Code  Gb  koovox_hb_sensor.o [1]
Koovox_disable_head_action
                        0x009ae9   0x10  Code  Gb  koovox_head_action.o [1]
Koovox_disable_heart_rate
                        0x00992e   0x1d  Code  Gb  koovox_hb_sensor.o [1]
Koovox_disable_neck_protect
                        0x009af9   0x10  Code  Gb  koovox_neck_protect.o [1]
Koovox_disable_step_count
                        0x009b09   0x10  Code  Gb  koovox_step_count.o [1]
Koovox_enable_const_seat
                        0x0093b1   0x51  Code  Gb  koovox_const_seat.o [1]
Koovox_enable_hb_sample_timer
                        0x0096d4   0x33  Code  Lc  koovox_hb_sensor.o [1]
Koovox_enable_hb_sensor
                        0x009c2b    0x8  Code  Gb  koovox_hb_sensor.o [1]
Koovox_enable_head_action
                        0x009ad9   0x10  Code  Gb  koovox_head_action.o [1]
Koovox_enable_heart_rate
                        0x0099b9   0x19  Code  Gb  koovox_hb_sensor.o [1]
Koovox_enable_neck_protect
                        0x009402   0x51  Code  Gb  koovox_neck_protect.o [1]
Koovox_enable_step_count
                        0x009a6f   0x13  Code  Gb  koovox_step_count.o [1]
Koovox_fill_and_send_packet
                        0x008f1d   0x73  Code  Gb  koovox_message_handle.o [1]
Koovox_get_acc_value    0x009537   0x46  Code  Lc  koovox_lis3dh_sensor.o [1]
Koovox_head_action      0x009707   0x33  Code  Gb  koovox_head_action.o [1]
Koovox_init_adc         0x0097e6   0x28  Code  Lc  koovox_hb_sensor.o [1]
Koovox_init_hb_sensor   0x009bf5    0xc  Code  Gb  koovox_hb_sensor.o [1]
Koovox_message_handle   0x00850a  0x16f  Code  Gb  koovox_message_handle.o [1]
Koovox_neck_protect     0x0087a8  0x12e  Code  Gb  koovox_neck_protect.o [1]
Koovox_neck_protect_event
                        0x0099eb   0x18  Code  Gb  koovox_neck_protect.o [1]
Koovox_read_acc_value   0x00973a   0x2c  Code  Gb  koovox_lis3dh_sensor.o [1]
Koovox_read_data_from_e2prom
                        0x009968   0x1c  Code  Gb  stm8l15x_flash.o [1]
Koovox_receive_message  0x0099d2   0x19  Code  Gb  koovox_uart.o [1]
Koovox_send_hb_adc_value
                        0x00935e   0x53  Code  Gb  koovox_hb_sensor.o [1]
Koovox_send_message     0x0090d8   0x64  Code  Gb  koovox_uart.o [1]
Koovox_step_count_event
                        0x0094ee   0x49  Code  Gb  koovox_step_count.o [1]
Koovox_store_data_to_e2prom
                        0x0098b2   0x20  Code  Gb  stm8l15x_flash.o [1]
LIS3DH_DeInit           0x00962d    0x3  Code  Gb  koovox_lis3dh_sensor.o [1]
LIS3DH_Init             0x009630   0x38  Code  Gb  koovox_lis3dh_sensor.o [1]
LIS3DH_Init_Config      0x008ad6   0x10  Code  Gb  koovox_lis3dh_sensor.o [1]
LIS3DH_LowLevel_DeInit  0x0095f7   0x36  Code  Lc  koovox_lis3dh_sensor.o [1]
LIS3DH_LowLevel_Init    0x009a5c   0x13  Code  Lc  koovox_lis3dh_sensor.o [1]
LIS3DH_ReadAccData      0x008080  0x194  Code  Gb  koovox_lis3dh_sensor.o [1]
LIS3DH_ReadReg          0x008214  0x183  Code  Gb  koovox_lis3dh_sensor.o [1]
LIS3DH_WriteReg         0x0089eb   0xeb  Code  Gb  koovox_lis3dh_sensor.o [1]
LIS3DH_status           0x009792   0x2b  Code  Gb  koovox_lis3dh_sensor.o [1]
Region$$Table$$Base     0x0098a0          --   Gb  - Linker created -
Region$$Table$$Limit    0x0098b2          --   Gb  - Linker created -
SYSDivFactor            0x009c7f    0x5  Data  Gb  stm8l15x_clk.o [1]
TIM2_ClearFlag          0x009bc2    0xd  Code  Gb  stm8l15x_tim2.o [1]
TIM2_Cmd                0x009bb5    0xd  Code  Gb  stm8l15x_tim2.o [1]
TIM2_ITConfig           0x009ab8   0x11  Code  Gb  stm8l15x_tim2.o [1]
TIM2_TimeBaseInit       0x0098d2   0x1f  Code  Gb  stm8l15x_tim2.o [1]
TIM2_UPD_OVF_TRG_BRK_USART2_TX_IRQHandler
                        0x008f90   0x70  Code  Gb  koovox_hb_sensor.o [1]
TIM3_ClearFlag          0x009bcf    0xd  Code  Gb  stm8l15x_tim3.o [1]
TIM3_UPD_OVF_TRG_BRK_USART3_TX_IRQHandler
                        0x0097bd   0x29  Code  Gb  koovox_lis3dh_sensor.o [1]
USART1_RX_TIM5_CC_IRQHandler
                        0x0092b5   0x55  Code  Gb  koovox_uart.o [1]
USART_ClearITPendingBit
                        0x009c18    0xa  Code  Gb  stm8l15x_usart.o [1]
USART_Cmd               0x009b19   0x10  Code  Gb  stm8l15x_usart.o [1]
USART_GetFlagStatus     0x009a03   0x18  Code  Gb  stm8l15x_usart.o [1]
USART_ITConfig          0x00925b   0x5a  Code  Gb  stm8l15x_usart.o [1]
USART_Init              0x008e18   0x89  Code  Gb  stm8l15x_usart.o [1]
USART_ReceiveData8      0x009cb7    0x3  Code  Gb  stm8l15x_usart.o [1]
USART_SendData8         0x009cba    0x3  Code  Gb  stm8l15x_usart.o [1]
__DebugBreak            0x009ccb    0x1  Code  Gb  __dbg_break.o [3]
__exit                  0x009a48   0x14  Code  Gb  __dbg_xxexit.o [3]
__iar_copy_init2        0x00980e         Code  Gb  init_small.o [4]
__iar_data_init2        0x009a1b   0x17  Code  Gb  init.o [4]
__iar_program_start     0x009a82         Code  Gb  cstartup.o [4]
__iar_unhandled_exception
                        0x009cc6         Code  Gb  unhandled_exception.o [4]
__iar_zero_init2        0x009910         Code  Gb  init_small.o [4]
__intvec                0x008000         Data  Gb  interrupt.o [4]
__low_level_init        0x009cc0    0x3  Code  Gb  low_level_init.o [4]
__near_Aldata           0x000038    0x4  Data  Gb  xxmemxmalloc.o [4]
__near_GetMemChunk      0x00987e   0x22  Code  Gb  xgetmemchunk.o [4]
__near_findmem          0x0091a0   0x5f  Code  Lc  xxmemxmalloc.o [4]
_exit                   0x009c9d         Code  Gb  cexit.o [4]
_interrupt_1            0x009cbd         Code  Wk  interrupt.o [4]
_interrupt_10           0x009cbd         Code  Wk  interrupt.o [4]
_interrupt_11           0x009cbd         Code  Wk  interrupt.o [4]
_interrupt_12           0x009cbd         Code  Wk  interrupt.o [4]
_interrupt_13           0x009cbd         Code  Wk  interrupt.o [4]
_interrupt_14           0x009cbd         Code  Wk  interrupt.o [4]
_interrupt_15           0x009cbd         Code  Wk  interrupt.o [4]
_interrupt_16           0x009cbd         Code  Wk  interrupt.o [4]
_interrupt_17           0x009cbd         Code  Wk  interrupt.o [4]
_interrupt_18           0x009cbd         Code  Wk  interrupt.o [4]
_interrupt_19           0x009cbd         Code  Wk  interrupt.o [4]
_interrupt_2            0x009cbd         Code  Wk  interrupt.o [4]
_interrupt_20           0x009cbd         Code  Wk  interrupt.o [4]
_interrupt_21           0x008f90         Code  Gb  koovox_hb_sensor.o [1]
_interrupt_22           0x009cbd         Code  Wk  interrupt.o [4]
_interrupt_23           0x0097bd         Code  Gb  koovox_lis3dh_sensor.o [1]
_interrupt_24           0x009cbd         Code  Wk  interrupt.o [4]
_interrupt_25           0x009cbd         Code  Wk  interrupt.o [4]
_interrupt_26           0x009cbd         Code  Wk  interrupt.o [4]
_interrupt_27           0x009cbd         Code  Wk  interrupt.o [4]
_interrupt_28           0x009cbd         Code  Wk  interrupt.o [4]
_interrupt_29           0x009cbd         Code  Wk  interrupt.o [4]
_interrupt_3            0x009cbd         Code  Wk  interrupt.o [4]
_interrupt_30           0x0092b5         Code  Gb  koovox_uart.o [1]
_interrupt_31           0x00985b         Code  Gb  koovox_lis3dh_sensor.o [1]
_interrupt_4            0x009cbd         Code  Wk  interrupt.o [4]
_interrupt_5            0x009cbd         Code  Wk  interrupt.o [4]
_interrupt_6            0x009cbd         Code  Wk  interrupt.o [4]
_interrupt_7            0x009cbd         Code  Wk  interrupt.o [4]
_interrupt_8            0x009cbd         Code  Wk  interrupt.o [4]
_interrupt_9            0x009cbd         Code  Wk  interrupt.o [4]
ad_hb                   0x00003c    0x2  Data  Gb  koovox_hb_sensor.o [1]
const_seat_count        0x000020    0x4  Data  Gb  koovox_const_seat.o [1]
const_seat_enable       0x000044    0x1  Data  Gb  koovox_const_seat.o [1]
const_seat_time         0x000010    0x2  Data  Gb  koovox_const_seat.o [1]
curr_time               0x000028    0x4  Data  Gb  koovox_lis3dh_sensor.o [1]
exit                    0x009cc3    0x3  Code  Gb  exit.o [4]
frame_valid             0x00004c    0x1  Data  Gb  koovox_uart.o [1]
free                    0x008bd4   0xe4  Code  Gb  xxmemxfree.o [4]
hb_adc_valid            0x000045    0x1  Data  Gb  koovox_hb_sensor.o [1]
head_action_enable      0x000047    0x1  Data  Gb  koovox_head_action.o [1]
heart_rate_enable       0x000046    0x1  Data  Gb  koovox_hb_sensor.o [1]
index                   0x00003e    0x2  Data  Gb  koovox_hb_sensor.o [1]
index_acc               0x000024    0x4  Data  Gb  koovox_lis3dh_sensor.o [1]
main                    0x009766   0x2c  Code  Gb  main.o [1]
malloc                  0x008d82   0x96  Code  Gb  xxmemxmalloc.o [4]
memcpy                  0x009836   0x25  Code  Gb  memcpy.o [4]
memmove                 0x009000   0x6d  Code  Gb  memmove.o [4]
neck_protect_count      0x00002c    0x4  Data  Gb  koovox_neck_protect.o [1]
neck_protect_enable     0x000049    0x1  Data  Gb  koovox_neck_protect.o [1]
neck_protect_time       0x000012    0x2  Data  Gb  koovox_neck_protect.o [1]
neck_timer_enable       0x000048    0x1  Data  Gb  koovox_neck_protect.o [1]
neck_updata_count       0x000030    0x4  Data  Gb  koovox_neck_protect.o [1]
size                    0x00004b    0x1  Data  Gb  koovox_uart.o [1]
step_count              0x000040    0x2  Data  Gb  koovox_step_count.o [1]
step_count_enable       0x00004a    0x1  Data  Gb  koovox_step_count.o [1]
step_time_cnt           0x000034    0x4  Data  Gb  koovox_step_count.o [1]
usart_msg               0x000014    0xc  Data  Gb  koovox_uart.o [1]


[1] = D:\STM8\Koovox\Obj
[2] = command line
[3] = dbgstm8smd.a
[4] = dlstm8smn.a

  7 195 bytes of readonly  code memory
    181 bytes of readonly  data memory
    589 bytes of readwrite data memory

Errors: none
Warnings: none
