###############################################################################
#                                                                             #
# IAR ELF Linker V1.31.1.50058 for STM8                 30/Jun/2015  18:55:26 #
# Copyright 2010-2012 IAR Systems AB.                                         #
#                                                                             #
#    Output file  =  D:\STM8\Koovox\Exe\Koovox.out                            #
#    Map file     =  D:\STM8\Koovox\List\Koovox.map                           #
#    Command line =  D:\STM8\Koovox\Obj\koovox_const_seat.o                   #
#                    D:\STM8\Koovox\Obj\koovox_hb_sensor.o                    #
#                    D:\STM8\Koovox\Obj\koovox_head_action.o                  #
#                    D:\STM8\Koovox\Obj\koovox_lis3dh_sensor.o                #
#                    D:\STM8\Koovox\Obj\koovox_message_handle.o               #
#                    D:\STM8\Koovox\Obj\koovox_neck_protect.o                 #
#                    D:\STM8\Koovox\Obj\koovox_step_count.o                   #
#                    D:\STM8\Koovox\Obj\koovox_uart.o                         #
#                    D:\STM8\Koovox\Obj\main.o D:\STM8\Koovox\Obj\stm8l15x_ad #
#                    c.o D:\STM8\Koovox\Obj\stm8l15x_clk.o                    #
#                    D:\STM8\Koovox\Obj\stm8l15x_flash.o                      #
#                    D:\STM8\Koovox\Obj\stm8l15x_gpio.o                       #
#                    D:\STM8\Koovox\Obj\stm8l15x_i2c.o                        #
#                    D:\STM8\Koovox\Obj\stm8l15x_tim2.o                       #
#                    D:\STM8\Koovox\Obj\stm8l15x_tim3.o                       #
#                    D:\STM8\Koovox\Obj\stm8l15x_tim4.o                       #
#                    D:\STM8\Koovox\Obj\stm8l15x_usart.o --redirect           #
#                    _Printf=_PrintfSmall --redirect _Scanf=_ScanfSmall -o    #
#                    D:\STM8\Koovox\Exe\Koovox.out --map                      #
#                    D:\STM8\Koovox\List\Koovox.map --config "C:\Program      #
#                    Files (x86)\IAR Systems\Embedded Workbench 6.0           #
#                    Evaluation\stm8\config\lnkstm8l151f3.icf" --config_def   #
#                    _CSTACK_SIZE=0x100 --config_def _HEAP_SIZE=0x100         #
#                    --entry __iar_program_start --debug_lib                  #
#                                                                             #
#                                                                             #
###############################################################################

*******************************************************************************
*** RUNTIME MODEL ATTRIBUTES
***

__SystemLibrary            = DLib
__code_model               = small
__core                     = stm8
__data_model               = medium
__dlib_file_descriptor     = 0
__dlib_full_locale_support = 0
__rt_version               = 4


*******************************************************************************
*** PLACEMENT SUMMARY
***

"A1":  place at start of [0x000000-0x0000ff] { rw section .vregs };
"A2":  place at end of [0x000000-0x0003ff] { block CSTACK };
"P2":  place in [from 0x000000 to 0x0003ff] {
          block HEAP, rw section .far.bss, rw section .far.data,
          rw section .far.noinit, rw section .far_func.textrw,
          rw section .huge.bss, rw section .huge.data, rw section .huge.noinit,
          rw section .huge_func.textrw, rw section .iar.dynexit,
          rw section .near.bss, rw section .near.data, rw section .near.noinit,
          rw section .near_func.textrw };
"A3":  place at start of [0x008000-0x009fff] { block INTVEC };
"P3":  place in [from 0x008000 to 0x009fff] {
          ro section .far.data_init, ro section .far_func.textrw_init,
          ro section .huge.data_init, ro section .huge_func.textrw_init,
          ro section .iar.init_table, ro section .init_array,
          ro section .near.data_init, ro section .near.rodata,
          ro section .near_func.text, ro section .near_func.textrw_init,
          ro section .tiny.data_init, ro section .tiny.rodata_init };

  Section            Kind      Address    Size  Object
  -------            ----      -------    ----  ------
"A1":                                     0x10
  .vregs             uninit   0x000000    0x10  vregs.o [4]
                            - 0x000010    0x10

"P2", part 1 of 2:                         0x4
  P2 s0                       0x000010     0x4  <Init block>
    .near.data       inited   0x000010     0x2  koovox_const_seat.o [1]
    .near.data       inited   0x000012     0x2  koovox_neck_protect.o [1]
                            - 0x000014     0x4

"P2", part 2 of 2:                        0x59
  .near.bss          zero     0x000014    0x28  koovox_hb_sensor.o [1]
  .near.bss          zero     0x00003c     0xc  koovox_uart.o [1]
  .near.bss          zero     0x000048     0x4  koovox_const_seat.o [1]
  .near.bss          zero     0x00004c     0x4  koovox_lis3dh_sensor.o [1]
  .near.bss          zero     0x000050     0x4  koovox_lis3dh_sensor.o [1]
  .near.bss          zero     0x000054     0x4  koovox_neck_protect.o [1]
  .near.bss          zero     0x000058     0x4  koovox_neck_protect.o [1]
  .near.bss          zero     0x00005c     0x4  koovox_step_count.o [1]
  .near.bss          zero     0x000060     0x2  koovox_hb_sensor.o [1]
  .near.bss          zero     0x000062     0x2  koovox_step_count.o [1]
  .near.bss          zero     0x000064     0x1  koovox_const_seat.o [1]
  .near.bss          zero     0x000065     0x1  koovox_hb_sensor.o [1]
  .near.bss          zero     0x000066     0x1  koovox_hb_sensor.o [1]
  .near.bss          zero     0x000067     0x1  koovox_head_action.o [1]
  .near.bss          zero     0x000068     0x1  koovox_neck_protect.o [1]
  .near.bss          zero     0x000069     0x1  koovox_neck_protect.o [1]
  .near.bss          zero     0x00006a     0x1  koovox_step_count.o [1]
  .near.bss          zero     0x00006b     0x1  koovox_uart.o [1]
  .near.bss          zero     0x00006c     0x1  koovox_uart.o [1]
                            - 0x00006d    0x59

"A2":                                    0x100
  CSTACK                      0x000300   0x100  <Block>
    CSTACK           uninit   0x000300   0x100  <Block tail>
                            - 0x000400   0x100

"A3":                                     0x80
  INTVEC                      0x008000    0x80  <Block>
    .intvec          const    0x008000    0x80  interrupt.o [4]
                            - 0x008080    0x80

"P3":                                   0x192d
  .near_func.text    ro code  0x008080   0x1ac  koovox_lis3dh_sensor.o [1]
  .near_func.text    ro code  0x00822c   0x173  long.o [4]
  .near_func.text    ro code  0x00839f   0x16f  koovox_message_handle.o [1]
  .near_func.text    ro code  0x00850e   0x152  vreg_util.o [4]
  .near_func.text    ro code  0x008660   0x115  stm8l15x_i2c.o [1]
  .near_func.text    ro code  0x008775    0xff  koovox_neck_protect.o [1]
  .near_func.text    ro code  0x008874    0xec  koovox_lis3dh_sensor.o [1]
  .near_func.text    ro code  0x008960    0xdf  koovox_lis3dh_sensor.o [1]
  .near_func.text    ro code  0x008a3f    0xc9  koovox_const_seat.o [1]
  .near_func.text    ro code  0x008b08    0xc3  koovox_message_handle.o [1]
  .near_func.text    ro code  0x008bcb    0x96  koovox_step_count.o [1]
  .near_func.text    ro code  0x008c61    0x89  stm8l15x_usart.o [1]
  .near_func.text    ro code  0x008cea    0x7c  koovox_lis3dh_sensor.o [1]
  .near_func.text    ro code  0x008d66    0x6f  koovox_hb_sensor.o [1]
  .near_func.text    ro code  0x008dd5    0x6b  stm8l15x_gpio.o [1]
  .near_func.text    ro code  0x008e40    0x69  koovox_hb_sensor.o [1]
  .near_func.text    ro code  0x008ea9    0x64  koovox_uart.o [1]
  .near_func.text    ro code  0x008f0d    0x5d  short.o [4]
  .near_func.text    ro code  0x008f6a    0x5c  stm8l15x_clk.o [1]
  .near_func.text    ro code  0x008fc6    0x5a  stm8l15x_usart.o [1]
  .near_func.text    ro code  0x009020    0x57  koovox_hb_sensor.o [1]
  .near_func.text    ro code  0x009077    0x55  koovox_uart.o [1]
  .near_func.text    ro code  0x0090cc    0x54  stm8l15x_i2c.o [1]
  .near_func.text    ro code  0x009120    0x51  koovox_const_seat.o [1]
  .near_func.text    ro code  0x009171    0x51  koovox_neck_protect.o [1]
  .near_func.text    ro code  0x0091c2    0x4e  long_util.o [4]
  .near_func.text    ro code  0x009210    0x4d  koovox_lis3dh_sensor.o [1]
  .near_func.text    ro code  0x00925d    0x4b  koovox_head_action.o [1]
  .near_func.text    ro code  0x0092a8    0x49  koovox_step_count.o [1]
  .near_func.text    ro code  0x0092f1    0x40  stm8l15x_i2c.o [1]
  .near_func.text    ro code  0x009331    0x3f  koovox_lis3dh_sensor.o [1]
  .near_func.text    ro code  0x009370    0x3a  stm8l15x_clk.o [1]
  .near_func.text    ro code  0x0093aa    0x38  koovox_uart.o [1]
  .near_func.text    ro code  0x0093e2    0x38  main.o [1]
  .near_func.text    ro code  0x00941a    0x35  koovox_lis3dh_sensor.o [1]
  .near_func.text    ro code  0x00944f    0x34  stm8l15x_i2c.o [1]
  .near_func.text    ro code  0x009483    0x32  koovox_hb_sensor.o [1]
  .near.rodata       const    0x0094b5    0x2d  koovox_message_handle.o [1]
  .near_func.text    ro code  0x0094e2    0x2c  koovox_lis3dh_sensor.o [1]
  .near_func.text    ro code  0x00950e    0x2b  koovox_lis3dh_sensor.o [1]
  .near_func.text    ro code  0x009539    0x29  koovox_lis3dh_sensor.o [1]
  .near.rodata       const    0x009562    0x28  koovox_hb_sensor.o [1]
  .near_func.text    ro code  0x00958a    0x28  init_small.o [4]
  .near_func.text    ro code  0x0095b2    0x26  koovox_lis3dh_sensor.o [1]
  .iar.init_table    const    0x0095d8    0x12  - Linker created -
  .near_func.text    ro code  0x0095ea    0x20  stm8l15x_flash.o [1]
  .near_func.text    ro code  0x00960a    0x1f  stm8l15x_tim2.o [1]
  .near_func.text    ro code  0x009629    0x1f  stm8l15x_tim3.o [1]
  .near_func.text    ro code  0x009648    0x1f  dc_util.o [4]
  .near_func.text    ro code  0x009667    0x1e  init_small.o [4]
  .near_func.text    ro code  0x009685    0x1d  stm8l15x_adc.o [1]
  .near_func.text    ro code  0x0096a2    0x1c  stm8l15x_flash.o [1]
  .near_func.text    ro code  0x0096be    0x1b  stm8l15x_flash.o [1]
  .near_func.text    ro code  0x0096d9    0x1a  stm8l15x_flash.o [1]
  .near_func.text    ro code  0x0096f3    0x19  koovox_uart.o [1]
  .near_func.text    ro code  0x00970c    0x18  koovox_neck_protect.o [1]
  .near_func.text    ro code  0x009724    0x18  stm8l15x_usart.o [1]
  .near_func.text    ro code  0x00973c    0x17  init.o [4]
  .near_func.text    ro code  0x009753    0x16  stm8l15x_adc.o [1]
  .near_func.text    ro code  0x009769    0x14  __dbg_xxexit.o [3]
  .near_func.text    ro code  0x00977d    0x13  koovox_step_count.o [1]
  .near_func.text    ro code  0x009790    0x13  cstartup.o [4]
  .near_func.text    ro code  0x0097a3    0x11  stm8l15x_adc.o [1]
  .near_func.text    ro code  0x0097b4    0x11  stm8l15x_tim2.o [1]
  .near_func.text    ro code  0x0097c5    0x11  stm8l15x_tim3.o [1]
  .near_func.text    ro code  0x0097d6    0x10  koovox_const_seat.o [1]
  .near_func.text    ro code  0x0097e6    0x10  koovox_head_action.o [1]
  .near_func.text    ro code  0x0097f6    0x10  koovox_head_action.o [1]
  .near_func.text    ro code  0x009806    0x10  koovox_neck_protect.o [1]
  .near_func.text    ro code  0x009816    0x10  koovox_step_count.o [1]
  .near_func.text    ro code  0x009826    0x10  stm8l15x_usart.o [1]
  .near_func.text    ro code  0x009836     0xf  stm8l15x_i2c.o [1]
  .near_func.text    ro code  0x009845     0xe  stm8l15x_i2c.o [1]
  .near_func.text    ro code  0x009853     0xe  stm8l15x_i2c.o [1]
  .near_func.text    ro code  0x009861     0xe  stm8l15x_i2c.o [1]
  .near_func.text    ro code  0x00986f     0xe  stm8l15x_tim2.o [1]
  .near_func.text    ro code  0x00987d     0xe  stm8l15x_tim3.o [1]
  .near_func.text    ro code  0x00988b     0xd  stm8l15x_adc.o [1]
  .near_func.text    ro code  0x009898     0xd  stm8l15x_clk.o [1]
  .near_func.text    ro code  0x0098a5     0xd  stm8l15x_i2c.o [1]
  .near_func.text    ro code  0x0098b2     0xd  stm8l15x_tim2.o [1]
  .near_func.text    ro code  0x0098bf     0xd  stm8l15x_tim2.o [1]
  .near_func.text    ro code  0x0098cc     0xd  stm8l15x_tim3.o [1]
  .near_func.text    ro code  0x0098d9     0xd  stm8l15x_tim3.o [1]
  .near_func.text    ro code  0x0098e6     0xd  move.o [4]
  .near_func.text    ro code  0x0098f3     0xc  koovox_const_seat.o [1]
  .near_func.text    ro code  0x0098ff     0xc  stm8l15x_adc.o [1]
  .near_func.text    ro code  0x00990b     0xb  stm8l15x_adc.o [1]
  .near_func.text    ro code  0x009916     0xa  stm8l15x_usart.o [1]
  .near_func.text    ro code  0x009920     0x9  stm8l15x_i2c.o [1]
  .near_func.text    ro code  0x009929     0x8  stm8l15x_usart.o [1]
  .near_func.text    ro code  0x009931     0x7  stm8l15x_usart.o [1]
  .near.rodata       const    0x009938     0x6  koovox_const_seat.o [1]
  .near.rodata       const    0x00993e     0x6  koovox_head_action.o [1]
  .near.rodata       const    0x009944     0x6  koovox_lis3dh_sensor.o [1]
  .near.rodata       const    0x00994a     0x6  koovox_neck_protect.o [1]
  .near.rodata       const    0x009950     0x6  koovox_step_count.o [1]
  .near_func.text    ro code  0x009956     0x6  stm8l15x_adc.o [1]
  .near_func.text    ro code  0x00995c     0x6  stm8l15x_i2c.o [1]
  .near.rodata       const    0x009962     0x5  stm8l15x_clk.o [1]
  .near_func.text    ro code  0x009967     0x5  stm8l15x_adc.o [1]
  .near_func.text    ro code  0x00996c     0x5  stm8l15x_i2c.o [1]
  .near_func.text    ro code  0x009971     0x5  stm8l15x_i2c.o [1]
  .near_func.text    ro code  0x009976     0x5  stm8l15x_i2c.o [1]
  .near_func.text    ro code  0x00997b     0x5  stm8l15x_usart.o [1]
  .near_func.text    ro code  0x009980     0x5  cexit.o [4]
  .near_func.text    ro code  0x009985     0x4  stm8l15x_clk.o [1]
  .near_func.text    ro code  0x009989     0x4  stm8l15x_clk.o [1]
  .near_func.text    ro code  0x00998d     0x4  stm8l15x_gpio.o [1]
  .near_func.text    ro code  0x009991     0x3  stm8l15x_gpio.o [1]
  .near_func.text    ro code  0x009994     0x3  stm8l15x_usart.o [1]
  .near_func.text    ro code  0x009997     0x3  stm8l15x_usart.o [1]
  .near_func.text    ro code  0x00999a     0x3  interrupt.o [4]
  .near_func.text    ro code  0x00999d     0x3  low_level_init.o [4]
  .near_func.text    ro code  0x0099a0     0x3  exit.o [4]
  .near_func.text    ro code  0x0099a3     0x3  unhandled_exception.o [4]
  .near.rodata       const    0x0099a6     0x2  koovox_message_handle.o [1]
  .near_func.text    ro code  0x0099a8     0x1  __dbg_break.o [3]
  Initializer bytes  ro data  0x0099a9     0x4  <for P2 s0>
                            - 0x0099ad  0x192d


*******************************************************************************
*** INIT TABLE
***

          Address   Size
          -------   ----
Zero (__iar_zero_init2)
    1 destination range, total size 0x59:
          0x000014  0x59

Copy (__iar_copy_init2)
    1 source range, total size 0x4:
          0x0099a9   0x4
    1 destination range, total size 0x4:
          0x000010   0x4


*******************************************************************************
*** MODULE SUMMARY
***

    Module                   ro code  ro data  rw data
    ------                   -------  -------  -------
D:\STM8\Koovox\Obj: [1]
    koovox_const_seat.o          310        8        7
    koovox_hb_sensor.o           353       40       44
    koovox_head_action.o         107        6        1
    koovox_lis3dh_sensor.o     1 370        6        8
    koovox_message_handle.o      562       47
    koovox_neck_protect.o        376        8       12
    koovox_step_count.o          258        6        7
    koovox_uart.o                266                14
    main.o                        56
    stm8l15x_adc.o               115
    stm8l15x_clk.o               171        5
    stm8l15x_flash.o             113
    stm8l15x_gpio.o              114
    stm8l15x_i2c.o               577
    stm8l15x_tim2.o               88
    stm8l15x_tim3.o               88
    stm8l15x_usart.o             303
    --------------------------------------------------
    Total:                     5 227      126       93

command line: [2]
    --------------------------------------------------
    Total:

dbgstm8smd.a: [3]
    __dbg_break.o                  1
    __dbg_xxexit.o                20
    --------------------------------------------------
    Total:                        21

dlstm8smn.a: [4]
    cexit.o                        5
    cstartup.o                    19
    dc_util.o                     31
    exit.o                         3
    init.o                        23
    init_small.o                  70
    interrupt.o                    3      128
    long.o                       371
    long_util.o                   78
    low_level_init.o               3
    move.o                        13
    short.o                       93
    unhandled_exception.o          3
    vreg_util.o                  338
    vregs.o                                         16
    --------------------------------------------------
    Total:                     1 053      128       16

    Linker created                         18      256
------------------------------------------------------
    Grand Total:               6 301      272      365


*******************************************************************************
*** ENTRY LIST
***

Entry                    Address   Size  Type      Object
-----                    -------   ----  ----      ------
?b0                     0x000000         Data  Gb  vregs.o [4]
?b1                     0x000001         Data  Gb  vregs.o [4]
?b10                    0x00000a         Data  Gb  vregs.o [4]
?b11                    0x00000b         Data  Gb  vregs.o [4]
?b12                    0x00000c         Data  Gb  vregs.o [4]
?b13                    0x00000d         Data  Gb  vregs.o [4]
?b14                    0x00000e         Data  Gb  vregs.o [4]
?b15                    0x00000f         Data  Gb  vregs.o [4]
?b2                     0x000002         Data  Gb  vregs.o [4]
?b3                     0x000003         Data  Gb  vregs.o [4]
?b4                     0x000004         Data  Gb  vregs.o [4]
?b5                     0x000005         Data  Gb  vregs.o [4]
?b6                     0x000006         Data  Gb  vregs.o [4]
?b7                     0x000007         Data  Gb  vregs.o [4]
?b8                     0x000008         Data  Gb  vregs.o [4]
?b9                     0x000009         Data  Gb  vregs.o [4]
?dc32_l1                0x00964f         Code  Gb  dc_util.o [4]
?dc32_px                0x00965c         Code  Gb  dc_util.o [4]
?dc8_px                 0x009648         Code  Gb  dc_util.o [4]
?dec32_0x_0x            0x008244         Code  Gb  long.o [4]
?dec32_l2_l2            0x00823f         Code  Gb  long.o [4]
?e0                     0x000001         Data  Gb  vregs.o [4]
?e1                     0x000005         Data  Gb  vregs.o [4]
?e2                     0x000009         Data  Gb  vregs.o [4]
?e3                     0x00000d         Data  Gb  vregs.o [4]
?epilogue_l2            0x0085a9         Code  Gb  vreg_util.o [4]
?epilogue_l2_l3         0x0085a6         Code  Gb  vreg_util.o [4]
?epilogue_l2_w6         0x0085ad         Code  Gb  vreg_util.o [4]
?epilogue_w4            0x0085b4         Code  Gb  vreg_util.o [4]
?inc32_0x_0x            0x008231         Code  Gb  long.o [4]
?inc32_l0_l0            0x00822c         Code  Gb  long.o [4]
?l0                     0x000000         Data  Gb  vregs.o [4]
?l1                     0x000004         Data  Gb  vregs.o [4]
?l2                     0x000008         Data  Gb  vregs.o [4]
?l3                     0x00000c         Data  Gb  vregs.o [4]
?load32_0x_l0           0x0091e6         Code  Gb  long_util.o [4]
?load32_0x_l1           0x0091f4         Code  Gb  long_util.o [4]
?load32_0x_l2           0x009202         Code  Gb  long_util.o [4]
?load32_l0_0x           0x0091c2         Code  Gb  long_util.o [4]
?load32_l1_0x           0x0091ce         Code  Gb  long_util.o [4]
?load32_l2_0x           0x0091da         Code  Gb  long_util.o [4]
?mov_e0_e1              0x008608         Code  Gb  vreg_util.o [4]
?mov_e0_e2              0x008615         Code  Gb  vreg_util.o [4]
?mov_e0_e3              0x008622         Code  Gb  vreg_util.o [4]
?mov_e1_e0              0x00862f         Code  Gb  vreg_util.o [4]
?mov_e1_e3              0x00863c         Code  Gb  vreg_util.o [4]
?mov_e2_e0              0x008649         Code  Gb  vreg_util.o [4]
?mov_e3_e0              0x008656         Code  Gb  vreg_util.o [4]
?mov_l0_l1              0x008605         Code  Gb  vreg_util.o [4]
?mov_l0_l2              0x008612         Code  Gb  vreg_util.o [4]
?mov_l0_l3              0x00861f         Code  Gb  vreg_util.o [4]
?mov_l1_l0              0x00862c         Code  Gb  vreg_util.o [4]
?mov_l1_l3              0x008639         Code  Gb  vreg_util.o [4]
?mov_l2_l0              0x008646         Code  Gb  vreg_util.o [4]
?mov_l3_l0              0x008653         Code  Gb  vreg_util.o [4]
?mov_w0_w1              0x0085b8         Code  Gb  vreg_util.o [4]
?mov_w0_w2              0x0085bf         Code  Gb  vreg_util.o [4]
?mov_w0_w3              0x0085c6         Code  Gb  vreg_util.o [4]
?mov_w0_w4              0x0085cd         Code  Gb  vreg_util.o [4]
?mov_w1_w0              0x0085d4         Code  Gb  vreg_util.o [4]
?mov_w1_w3              0x00860b         Code  Gb  vreg_util.o [4]
?mov_w1_w5              0x008618         Code  Gb  vreg_util.o [4]
?mov_w1_w6              0x0085db         Code  Gb  vreg_util.o [4]
?mov_w1_w7              0x008625         Code  Gb  vreg_util.o [4]
?mov_w2_w5              0x0085e2         Code  Gb  vreg_util.o [4]
?mov_w3_w1              0x008632         Code  Gb  vreg_util.o [4]
?mov_w3_w4              0x0085e9         Code  Gb  vreg_util.o [4]
?mov_w3_w7              0x00863f         Code  Gb  vreg_util.o [4]
?mov_w5_w1              0x00864c         Code  Gb  vreg_util.o [4]
?mov_w6_w0              0x0085f0         Code  Gb  vreg_util.o [4]
?mov_w6_w1              0x0085f7         Code  Gb  vreg_util.o [4]
?mov_w7_w0              0x0085fe         Code  Gb  vreg_util.o [4]
?mov_w7_w1              0x008659         Code  Gb  vreg_util.o [4]
?move1616_v_x_y_a       0x0098e6         Code  Gb  move.o [4]
?mul16_x_x_w0           0x008f0d         Code  Gb  short.o [4]
?mul32_l0_l0_0x         0x008273         Code  Gb  long.o [4]
?mul32_l0_l0_dl         0x008270         Code  Gb  long.o [4]
?mul32_l0_l0_l1         0x00827c         Code  Gb  long.o [4]
?pop_l0                 0x008572         Code  Gb  vreg_util.o [4]
?pop_l1                 0x00857d         Code  Gb  vreg_util.o [4]
?pop_l2                 0x008588         Code  Gb  vreg_util.o [4]
?pop_l3                 0x008593         Code  Gb  vreg_util.o [4]
?pop_w4                 0x00852b         Code  Gb  vreg_util.o [4]
?pop_w6                 0x008532         Code  Gb  vreg_util.o [4]
?push_l0                0x008541         Code  Gb  vreg_util.o [4]
?push_l1                0x008546         Code  Gb  vreg_util.o [4]
?push_l2                0x00854b         Code  Gb  vreg_util.o [4]
?push_l3                0x008550         Code  Gb  vreg_util.o [4]
?push_w4                0x00850e         Code  Gb  vreg_util.o [4]
?push_w6                0x008513         Code  Gb  vreg_util.o [4]
?sdiv16_x_x_y           0x008f2b         Code  Gb  short.o [4]
?sll16_x_x_a            0x008f54         Code  Gb  short.o [4]
?sll32_0x_0x_a          0x00837c         Code  Gb  long.o [4]
?sll32_l0_l0_a          0x008379         Code  Gb  long.o [4]
?sll32_l0_l0_db         0x008375         Code  Gb  long.o [4]
?smod16_y_x_y           0x008f44         Code  Gb  short.o [4]
?sra16_x_x_4            0x008f65         Code  Gb  short.o [4]
?sra16_x_x_5            0x008f64         Code  Gb  short.o [4]
?sra16_x_x_6            0x008f63         Code  Gb  short.o [4]
?sra16_x_x_7            0x008f62         Code  Gb  short.o [4]
?sra16_x_x_8            0x008f61         Code  Gb  short.o [4]
?srl16_x_x_4            0x008f5c         Code  Gb  short.o [4]
?srl32_0x_0x_a          0x008391         Code  Gb  long.o [4]
?srl32_l0_l0_a          0x00838e         Code  Gb  long.o [4]
?srl32_l0_l0_db         0x00838a         Code  Gb  long.o [4]
?sub32_l0_l0_0x         0x008258         Code  Gb  long.o [4]
?ucmp32_c_l0_l1         0x00836a         Code  Gb  long.o [4]
?udiv32_l0_l0_dl        0x0082fa         Code  Gb  long.o [4]
?udiv32_l0_l0_l1        0x0082fd         Code  Gb  long.o [4]
?umod32_l1_l0_l1        0x0082fd         Code  Gb  long.o [4]
?w0                     0x000000         Data  Gb  vregs.o [4]
?w1                     0x000002         Data  Gb  vregs.o [4]
?w2                     0x000004         Data  Gb  vregs.o [4]
?w3                     0x000006         Data  Gb  vregs.o [4]
?w4                     0x000008         Data  Gb  vregs.o [4]
?w5                     0x00000a         Data  Gb  vregs.o [4]
?w6                     0x00000c         Data  Gb  vregs.o [4]
?w7                     0x00000e         Data  Gb  vregs.o [4]
ADC_ChannelCmd          0x0097a3   0x11  Code  Gb  stm8l15x_adc.o [1]
ADC_ClearFlag           0x009956    0x6  Code  Gb  stm8l15x_adc.o [1]
ADC_Cmd                 0x00988b    0xd  Code  Gb  stm8l15x_adc.o [1]
ADC_GetConversionValue  0x009685   0x1d  Code  Gb  stm8l15x_adc.o [1]
ADC_GetFlagStatus       0x00990b    0xb  Code  Gb  stm8l15x_adc.o [1]
ADC_Init                0x009753   0x16  Code  Gb  stm8l15x_adc.o [1]
ADC_SoftwareStartConv   0x009967    0x5  Code  Gb  stm8l15x_adc.o [1]
CLK_GetClockFreq        0x009370   0x3a  Code  Gb  stm8l15x_clk.o [1]
CLK_HSICmd              0x009898    0xd  Code  Gb  stm8l15x_clk.o [1]
CLK_PeripheralClockConfig
                        0x008f6a   0x5c  Code  Gb  stm8l15x_clk.o [1]
CLK_SYSCLKDivConfig     0x009989    0x4  Code  Gb  stm8l15x_clk.o [1]
CLK_SYSCLKSourceConfig  0x009985    0x4  Code  Gb  stm8l15x_clk.o [1]
CSTACK$$Base            0x000300          --   Gb  - Linker created -
CSTACK$$Limit           0x000400          --   Gb  - Linker created -
FLASH_Unlock            0x0096d9   0x1a  Code  Gb  stm8l15x_flash.o [1]
GPIO_Init               0x008dd5   0x6b  Code  Gb  stm8l15x_gpio.o [1]
GPIO_ResetBits          0x00998d    0x4  Code  Gb  stm8l15x_gpio.o [1]
GPIO_SetBits            0x009991    0x3  Code  Gb  stm8l15x_gpio.o [1]
I2C_AcknowledgeConfig   0x009861    0xe  Code  Gb  stm8l15x_i2c.o [1]
I2C_CheckEvent          0x0090cc   0x54  Code  Gb  stm8l15x_i2c.o [1]
I2C_Cmd                 0x0098a5    0xd  Code  Gb  stm8l15x_i2c.o [1]
I2C_DeInit              0x0092f1   0x40  Code  Gb  stm8l15x_i2c.o [1]
I2C_GenerateSTART       0x009845    0xe  Code  Gb  stm8l15x_i2c.o [1]
I2C_GenerateSTOP        0x009853    0xe  Code  Gb  stm8l15x_i2c.o [1]
I2C_GetFlagStatus       0x00944f   0x34  Code  Gb  stm8l15x_i2c.o [1]
I2C_Init                0x008660  0x115  Code  Gb  stm8l15x_i2c.o [1]
I2C_ReceiveData         0x009976    0x5  Code  Gb  stm8l15x_i2c.o [1]
I2C_Send7bitAddress     0x009836    0xf  Code  Gb  stm8l15x_i2c.o [1]
I2C_SendData            0x009971    0x5  Code  Gb  stm8l15x_i2c.o [1]
INTVEC$$Base            0x008000          --   Gb  - Linker created -
INTVEC$$Limit           0x008080          --   Gb  - Linker created -
Init_usart1             0x0093aa   0x38  Code  Gb  koovox_uart.o [1]
Koovox_ad_to_acc        0x009210   0x4d  Code  Lc  koovox_lis3dh_sensor.o [1]
Koovox_calc_accelerate  0x008960   0xdf  Code  Gb  koovox_lis3dh_sensor.o [1]
Koovox_const_seat       0x008a3f   0xc9  Code  Gb  koovox_const_seat.o [1]
Koovox_const_seat_event
                        0x0098f3    0xc  Code  Gb  koovox_const_seat.o [1]
Koovox_convert_acc_value
                        0x008cea   0x7c  Code  Lc  koovox_lis3dh_sensor.o [1]
Koovox_disable_const_seat
                        0x0097d6   0x10  Code  Gb  koovox_const_seat.o [1]
Koovox_disable_head_action
                        0x0097f6   0x10  Code  Gb  koovox_head_action.o [1]
Koovox_disable_heart_rate
                        0x009483   0x32  Code  Gb  koovox_hb_sensor.o [1]
Koovox_disable_neck_protect
                        0x009806   0x10  Code  Gb  koovox_neck_protect.o [1]
Koovox_disable_step_count
                        0x009816   0x10  Code  Gb  koovox_step_count.o [1]
Koovox_enable_const_seat
                        0x009120   0x51  Code  Gb  koovox_const_seat.o [1]
Koovox_enable_head_action
                        0x0097e6   0x10  Code  Gb  koovox_head_action.o [1]
Koovox_enable_heart_rate
                        0x008e40   0x69  Code  Gb  koovox_hb_sensor.o [1]
Koovox_enable_neck_protect
                        0x009171   0x51  Code  Gb  koovox_neck_protect.o [1]
Koovox_enable_step_count
                        0x00977d   0x13  Code  Gb  koovox_step_count.o [1]
Koovox_enable_time_counter
                        0x0095b2   0x26  Code  Gb  koovox_lis3dh_sensor.o [1]
Koovox_fill_and_send_packet
                        0x008b08   0xc3  Code  Gb  koovox_message_handle.o [1]
Koovox_head_action      0x00925d   0x4b  Code  Gb  koovox_head_action.o [1]
Koovox_message_handle   0x00839f  0x16f  Code  Gb  koovox_message_handle.o [1]
Koovox_neck_protect     0x008775   0xff  Code  Gb  koovox_neck_protect.o [1]
Koovox_neck_protect_event
                        0x00970c   0x18  Code  Gb  koovox_neck_protect.o [1]
Koovox_read_acc_value   0x009331   0x3f  Code  Gb  koovox_lis3dh_sensor.o [1]
Koovox_read_data_from_e2prom
                        0x0096a2   0x1c  Code  Gb  stm8l15x_flash.o [1]
Koovox_receive_message  0x0096f3   0x19  Code  Gb  koovox_uart.o [1]
Koovox_send_hb_adc_value
                        0x009020   0x57  Code  Gb  koovox_hb_sensor.o [1]
Koovox_send_message     0x008ea9   0x64  Code  Gb  koovox_uart.o [1]
Koovox_step_count       0x008bcb   0x96  Code  Gb  koovox_step_count.o [1]
Koovox_step_count_event
                        0x0092a8   0x49  Code  Gb  koovox_step_count.o [1]
Koovox_store_data_to_e2prom
                        0x0095ea   0x20  Code  Gb  stm8l15x_flash.o [1]
LIS3DH_Init             0x0094e2   0x2c  Code  Gb  koovox_lis3dh_sensor.o [1]
LIS3DH_Init_Config      0x008950   0x10  Code  Gb  koovox_lis3dh_sensor.o [1]
LIS3DH_LowLevel_Init    0x00950e   0x2b  Code  Lc  koovox_lis3dh_sensor.o [1]
LIS3DH_ReadAccData      0x008080  0x1ac  Code  Gb  koovox_lis3dh_sensor.o [1]
LIS3DH_WriteReg         0x008874   0xdc  Code  Gb  koovox_lis3dh_sensor.o [1]
LIS3DH_status           0x00941a   0x35  Code  Gb  koovox_lis3dh_sensor.o [1]
Region$$Table$$Base     0x0095d8          --   Gb  - Linker created -
Region$$Table$$Limit    0x0095ea          --   Gb  - Linker created -
SYSDivFactor            0x009962    0x5  Data  Gb  stm8l15x_clk.o [1]
TIM2_ClearFlag          0x0098bf    0xd  Code  Gb  stm8l15x_tim2.o [1]
TIM2_Cmd                0x0098b2    0xd  Code  Gb  stm8l15x_tim2.o [1]
TIM2_ITConfig           0x0097b4   0x11  Code  Gb  stm8l15x_tim2.o [1]
TIM2_TimeBaseInit       0x00960a   0x1f  Code  Gb  stm8l15x_tim2.o [1]
TIM2_UPD_OVF_TRG_BRK_USART2_TX_IRQHandler
                        0x008d66   0x6f  Code  Gb  koovox_hb_sensor.o [1]
TIM3_ClearFlag          0x0098d9    0xd  Code  Gb  stm8l15x_tim3.o [1]
TIM3_Cmd                0x0098cc    0xd  Code  Gb  stm8l15x_tim3.o [1]
TIM3_ITConfig           0x0097c5   0x11  Code  Gb  stm8l15x_tim3.o [1]
TIM3_TimeBaseInit       0x009629   0x1f  Code  Gb  stm8l15x_tim3.o [1]
TIM3_UPD_OVF_TRG_BRK_USART3_TX_IRQHandler
                        0x009539   0x29  Code  Gb  koovox_lis3dh_sensor.o [1]
USART1_RX_TIM5_CC_IRQHandler
                        0x009077   0x55  Code  Gb  koovox_uart.o [1]
USART_ClearITPendingBit
                        0x009916    0xa  Code  Gb  stm8l15x_usart.o [1]
USART_Cmd               0x009826   0x10  Code  Gb  stm8l15x_usart.o [1]
USART_GetFlagStatus     0x009724   0x18  Code  Gb  stm8l15x_usart.o [1]
USART_ITConfig          0x008fc6   0x5a  Code  Gb  stm8l15x_usart.o [1]
USART_Init              0x008c61   0x89  Code  Gb  stm8l15x_usart.o [1]
USART_ReceiveData8      0x009994    0x3  Code  Gb  stm8l15x_usart.o [1]
USART_SendData8         0x009997    0x3  Code  Gb  stm8l15x_usart.o [1]
__DebugBreak            0x0099a8    0x1  Code  Gb  __dbg_break.o [3]
__exit                  0x009769   0x14  Code  Gb  __dbg_xxexit.o [3]
__iar_copy_init2        0x00958a         Code  Gb  init_small.o [4]
__iar_data_init2        0x00973c   0x17  Code  Gb  init.o [4]
__iar_program_start     0x009790         Code  Gb  cstartup.o [4]
__iar_unhandled_exception
                        0x0099a3         Code  Gb  unhandled_exception.o [4]
__iar_zero_init2        0x009667         Code  Gb  init_small.o [4]
__intvec                0x008000         Data  Gb  interrupt.o [4]
__low_level_init        0x00999d    0x3  Code  Gb  low_level_init.o [4]
_exit                   0x009980         Code  Gb  cexit.o [4]
_interrupt_1            0x00999a         Code  Wk  interrupt.o [4]
_interrupt_10           0x00999a         Code  Wk  interrupt.o [4]
_interrupt_11           0x00999a         Code  Wk  interrupt.o [4]
_interrupt_12           0x00999a         Code  Wk  interrupt.o [4]
_interrupt_13           0x00999a         Code  Wk  interrupt.o [4]
_interrupt_14           0x00999a         Code  Wk  interrupt.o [4]
_interrupt_15           0x00999a         Code  Wk  interrupt.o [4]
_interrupt_16           0x00999a         Code  Wk  interrupt.o [4]
_interrupt_17           0x00999a         Code  Wk  interrupt.o [4]
_interrupt_18           0x00999a         Code  Wk  interrupt.o [4]
_interrupt_19           0x00999a         Code  Wk  interrupt.o [4]
_interrupt_2            0x00999a         Code  Wk  interrupt.o [4]
_interrupt_20           0x00999a         Code  Wk  interrupt.o [4]
_interrupt_21           0x008d66         Code  Gb  koovox_hb_sensor.o [1]
_interrupt_22           0x00999a         Code  Wk  interrupt.o [4]
_interrupt_23           0x009539         Code  Gb  koovox_lis3dh_sensor.o [1]
_interrupt_24           0x00999a         Code  Wk  interrupt.o [4]
_interrupt_25           0x00999a         Code  Wk  interrupt.o [4]
_interrupt_26           0x00999a         Code  Wk  interrupt.o [4]
_interrupt_27           0x00999a         Code  Wk  interrupt.o [4]
_interrupt_28           0x00999a         Code  Wk  interrupt.o [4]
_interrupt_29           0x00999a         Code  Wk  interrupt.o [4]
_interrupt_3            0x00999a         Code  Wk  interrupt.o [4]
_interrupt_30           0x009077         Code  Gb  koovox_uart.o [1]
_interrupt_31           0x00999a         Code  Wk  interrupt.o [4]
_interrupt_4            0x00999a         Code  Wk  interrupt.o [4]
_interrupt_5            0x00999a         Code  Wk  interrupt.o [4]
_interrupt_6            0x00999a         Code  Wk  interrupt.o [4]
_interrupt_7            0x00999a         Code  Wk  interrupt.o [4]
_interrupt_8            0x00999a         Code  Wk  interrupt.o [4]
_interrupt_9            0x00999a         Code  Wk  interrupt.o [4]
ad_hb                   0x000014   0x28  Data  Gb  koovox_hb_sensor.o [1]
const_seat_count        0x000048    0x4  Data  Gb  koovox_const_seat.o [1]
const_seat_enable       0x000064    0x1  Data  Gb  koovox_const_seat.o [1]
const_seat_time         0x000010    0x2  Data  Gb  koovox_const_seat.o [1]
curr_time               0x000050    0x4  Data  Gb  koovox_lis3dh_sensor.o [1]
exit                    0x0099a0    0x3  Code  Gb  exit.o [4]
frame_valid             0x00006c    0x1  Data  Gb  koovox_uart.o [1]
hb_adc_valid            0x000065    0x1  Data  Gb  koovox_hb_sensor.o [1]
head_action_enable      0x000067    0x1  Data  Gb  koovox_head_action.o [1]
heart_rate_enable       0x000066    0x1  Data  Gb  koovox_hb_sensor.o [1]
index                   0x000060    0x2  Data  Gb  koovox_hb_sensor.o [1]
index_acc               0x00004c    0x4  Data  Gb  koovox_lis3dh_sensor.o [1]
main                    0x0093e2   0x38  Code  Gb  main.o [1]
neck_protect_count      0x000054    0x4  Data  Gb  koovox_neck_protect.o [1]
neck_protect_enable     0x000069    0x1  Data  Gb  koovox_neck_protect.o [1]
neck_protect_time       0x000012    0x2  Data  Gb  koovox_neck_protect.o [1]
neck_timer_enable       0x000068    0x1  Data  Gb  koovox_neck_protect.o [1]
neck_updata_count       0x000058    0x4  Data  Gb  koovox_neck_protect.o [1]
size                    0x00006b    0x1  Data  Gb  koovox_uart.o [1]
step_count              0x000062    0x2  Data  Gb  koovox_step_count.o [1]
step_count_enable       0x00006a    0x1  Data  Gb  koovox_step_count.o [1]
step_time_cnt           0x00005c    0x4  Data  Gb  koovox_step_count.o [1]
usart_msg               0x00003c    0xc  Data  Gb  koovox_uart.o [1]


[1] = D:\STM8\Koovox\Obj
[2] = command line
[3] = dbgstm8smd.a
[4] = dlstm8smn.a

  6 301 bytes of readonly  code memory
    272 bytes of readonly  data memory
    365 bytes of readwrite data memory

Errors: none
Warnings: none
